2026-10-07 03:19:11,507 [INFO    ] main – ============================================================
2026-10-07 03:19:11,508 [INFO    ] main – Pipeline started at 2026-10-06T21:49:11.508283+00:00
2026-10-07 03:19:11,508 [INFO    ] main – ============================================================
2026-10-07 03:19:11,509 [INFO    ] main – STEP 1 – Scraping …
2026-10-07 03:19:11,509 [INFO    ] scrapers.books_scraper – [Books] Starting scrape …
2026-10-07 03:19:11,513 [DEBUG   ] urllib3.connectionpool – Starting new HTTPS connection (1): books.toscrape.com:443
2026-10-07 03:19:12,365 [DEBUG   ] urllib3.connectionpool – https://books.toscrape.com:443 "GET / HTTP/1.1" 200 51294
2026-10-07 03:19:12,944 [INFO    ] scrapers.books_scraper – [Books] Found 50 categories.
2026-10-07 03:19:12,945 [INFO    ] scrapers.books_scraper – [Books] Category 'Travel' – page 1: https://books.toscrape.com/catalogue/category/books/travel_2/index.html
2026-10-07 03:19:13,193 [DEBUG   ] urllib3.connectionpool – https://books.toscrape.com:443 "GET /catalogue/category/books/travel_2/index.html HTTP/1.1" 200 37009
2026-10-07 03:19:13,224 [DEBUG   ] scrapers.books_scraper – [Books] 11 records so far in 'Travel'
2026-10-07 03:19:14,225 [INFO    ] scrapers.books_scraper – [Books] Category 'Mystery' – page 1: https://books.toscrape.com/catalogue/category/books/mystery_3/index.html
2026-10-07 03:19:14,478 [DEBUG   ] urllib3.connectionpool – https://books.toscrape.com:443 "GET /catalogue/category/books/mystery_3/index.html HTTP/1.1" 200 50388
2026-10-07 03:19:14,876 [DEBUG   ] scrapers.books_scraper – [Books] 20 records so far in 'Mystery'
2026-10-07 03:19:15,877 [INFO    ] scrapers.books_scraper – [Books] Category 'Mystery' – page 2: https://books.toscrape.com/catalogue/category/books/mystery_3/page-2.html
2026-10-07 03:19:16,152 [DEBUG   ] urllib3.connectionpool – https://books.toscrape.com:443 "GET /catalogue/category/books/mystery_3/page-2.html HTTP/1.1" 200 38533
2026-10-07 03:19:16,482 [DEBUG   ] scrapers.books_scraper – [Books] 32 records so far in 'Mystery'
2026-10-07 03:19:17,483 [INFO    ] scrapers.books_scraper – [Books] Category 'Historical Fiction' – page 1: https://books.toscrape.com/catalogue/category/books/historical-fiction_4/index.html
2026-10-07 03:19:17,791 [DEBUG   ] urllib3.connectionpool – https://books.toscrape.com:443 "GET /catalogue/category/books/historical-fiction_4/index.html HTTP/1.1" 200 50109
2026-10-07 03:19:18,441 [DEBUG   ] scrapers.books_scraper – [Books] 20 records so far in 'Historical Fiction'
2026-10-07 03:19:19,442 [INFO    ] scrapers.books_scraper – [Books] Category 'Historical Fiction' – page 2: https://books.toscrape.com/catalogue/category/books/historical-fiction_4/page-2.html
2026-10-07 03:19:19,764 [DEBUG   ] urllib3.connectionpool – https://books.toscrape.com:443 "GET /catalogue/category/books/historical-fiction_4/page-2.html HTTP/1.1" 200 29015
2026-10-07 03:19:20,071 [DEBUG   ] scrapers.books_scraper – [Books] 26 records so far in 'Historical Fiction'
2026-10-07 03:19:21,077 [INFO    ] scrapers.books_scraper – [Books] Category 'Sequential Art' – page 1: https://books.toscrape.com/catalogue/category/books/sequential-art_5/index.html
2026-10-07 03:19:21,376 [DEBUG   ] urllib3.connectionpool – https://books.toscrape.com:443 "GET /catalogue/category/books/sequential-art_5/index.html HTTP/1.1" 200 51455
2026-10-07 03:19:22,022 [DEBUG   ] scrapers.books_scraper – [Books] 20 records so far in 'Sequential Art'
2026-10-07 03:19:23,023 [INFO    ] scrapers.books_scraper – [Books] Category 'Sequential Art' – page 2: https://books.toscrape.com/catalogue/category/books/sequential-art_5/page-2.html
2026-10-07 03:19:23,325 [DEBUG   ] urllib3.connectionpool – https://books.toscrape.com:443 "GET /catalogue/category/books/sequential-art_5/page-2.html HTTP/1.1" 200 51165
2026-10-07 03:19:23,972 [DEBUG   ] scrapers.books_scraper – [Books] 40 records so far in 'Sequential Art'
2026-10-07 03:19:24,973 [INFO    ] scrapers.books_scraper – [Books] Category 'Sequential Art' – page 3: https://books.toscrape.com/catalogue/category/books/sequential-art_5/page-3.html
2026-10-07 03:19:25,266 [DEBUG   ] urllib3.connectionpool – https://books.toscrape.com:443 "GET /catalogue/category/books/sequential-art_5/page-3.html HTTP/1.1" 200 51392
2026-10-07 03:19:25,938 [DEBUG   ] scrapers.books_scraper – [Books] 60 records so far in 'Sequential Art'
2026-10-07 03:19:26,959 [INFO    ] scrapers.books_scraper – [Books] Category 'Sequential Art' – page 4: https://books.toscrape.com/catalogue/category/books/sequential-art_5/page-4.html
2026-10-07 03:19:27,314 [DEBUG   ] urllib3.connectionpool – https://books.toscrape.com:443 "GET /catalogue/category/books/sequential-art_5/page-4.html HTTP/1.1" 200 43840
2026-10-07 03:19:27,650 [DEBUG   ] scrapers.books_scraper – [Books] 75 records so far in 'Sequential Art'
2026-10-07 03:19:28,651 [INFO    ] scrapers.books_scraper – [Books] Category 'Classics' – page 1: https://books.toscrape.com/catalogue/category/books/classics_6/index.html
2026-10-07 03:19:28,960 [DEBUG   ] urllib3.connectionpool – https://books.toscrape.com:443 "GET /catalogue/category/books/classics_6/index.html HTTP/1.1" 200 47874
2026-10-07 03:19:29,556 [DEBUG   ] scrapers.books_scraper – [Books] 19 records so far in 'Classics'
2026-10-07 03:19:30,558 [INFO    ] scrapers.books_scraper – [Books] Category 'Philosophy' – page 1: https://books.toscrape.com/catalogue/category/books/philosophy_7/index.html
2026-10-07 03:19:30,899 [DEBUG   ] urllib3.connectionpool – https://books.toscrape.com:443 "GET /catalogue/category/books/philosophy_7/index.html HTTP/1.1" 200 37032
2026-10-07 03:19:31,181 [DEBUG   ] scrapers.books_scraper – [Books] 11 records so far in 'Philosophy'
2026-10-07 03:19:32,182 [INFO    ] scrapers.books_scraper – [Books] Category 'Romance' – page 1: https://books.toscrape.com/catalogue/category/books/romance_8/index.html
2026-10-07 03:19:32,537 [DEBUG   ] urllib3.connectionpool – https://books.toscrape.com:443 "GET /catalogue/category/books/romance_8/index.html HTTP/1.1" 200 50397
2026-10-07 03:19:33,189 [DEBUG   ] scrapers.books_scraper – [Books] 20 records so far in 'Romance'
2026-10-07 03:19:34,190 [INFO    ] scrapers.books_scraper – [Books] Category 'Romance' – page 2: https://books.toscrape.com/catalogue/category/books/romance_8/page-2.html
2026-10-07 03:19:34,490 [DEBUG   ] urllib3.connectionpool – https://books.toscrape.com:443 "GET /catalogue/category/books/romance_8/page-2.html HTTP/1.1" 200 42636
2026-10-07 03:19:35,133 [DEBUG   ] scrapers.books_scraper – [Books] 35 records so far in 'Romance'
2026-10-07 03:19:36,133 [INFO    ] scrapers.books_scraper – [Books] Category 'Womens Fiction' – page 1: https://books.toscrape.com/catalogue/category/books/womens-fiction_9/index.html
2026-10-07 03:19:36,428 [DEBUG   ] urllib3.connectionpool – https://books.toscrape.com:443 "GET /catalogue/category/books/womens-fiction_9/index.html HTTP/1.1" 200 45308
2026-10-07 03:19:37,075 [DEBUG   ] scrapers.books_scraper – [Books] 17 records so far in 'Womens Fiction'
2026-10-07 03:19:38,076 [INFO    ] scrapers.books_scraper – [Books] Category 'Fiction' – page 1: https://books.toscrape.com/catalogue/category/books/fiction_10/index.html
2026-10-07 03:19:38,377 [DEBUG   ] urllib3.connectionpool – https://books.toscrape.com:443 "GET /catalogue/category/books/fiction_10/index.html HTTP/1.1" 200 49677
2026-10-07 03:19:38,921 [DEBUG   ] scrapers.books_scraper – [Books] 20 records so far in 'Fiction'
2026-10-07 03:19:39,923 [INFO    ] scrapers.books_scraper – [Books] Category 'Fiction' – page 2: https://books.toscrape.com/catalogue/category/books/fiction_10/page-2.html
2026-10-07 03:19:40,216 [DEBUG   ] urllib3.connectionpool – https://books.toscrape.com:443 "GET /catalogue/category/books/fiction_10/page-2.html HTTP/1.1" 200 49510
2026-10-07 03:19:40,859 [DEBUG   ] scrapers.books_scraper – [Books] 40 records so far in 'Fiction'
2026-10-07 03:19:41,861 [INFO    ] scrapers.books_scraper – [Books] Category 'Fiction' – page 3: https://books.toscrape.com/catalogue/category/books/fiction_10/page-3.html
2026-10-07 03:19:42,170 [DEBUG   ] urllib3.connectionpool – https://books.toscrape.com:443 "GET /catalogue/category/books/fiction_10/page-3.html HTTP/1.1" 200 49453
2026-10-07 03:19:42,816 [DEBUG   ] scrapers.books_scraper – [Books] 60 records so far in 'Fiction'
2026-10-07 03:19:43,817 [INFO    ] scrapers.books_scraper – [Books] Category 'Fiction' – page 4: https://books.toscrape.com/catalogue/category/books/fiction_10/page-4.html
2026-10-07 03:19:44,116 [DEBUG   ] urllib3.connectionpool – https://books.toscrape.com:443 "GET /catalogue/category/books/fiction_10/page-4.html HTTP/1.1" 200 27424
2026-10-07 03:19:44,434 [DEBUG   ] scrapers.books_scraper – [Books] 65 records so far in 'Fiction'
2026-10-07 03:19:45,434 [INFO    ] scrapers.books_scraper – [Books] Category 'Childrens' – page 1: https://books.toscrape.com/catalogue/category/books/childrens_11/index.html
2026-10-07 03:19:45,702 [DEBUG   ] urllib3.connectionpool – https://books.toscrape.com:443 "GET /catalogue/category/books/childrens_11/index.html HTTP/1.1" 200 49864
2026-10-07 03:19:46,405 [DEBUG   ] scrapers.books_scraper – [Books] 20 records so far in 'Childrens'
2026-10-07 03:19:47,408 [INFO    ] scrapers.books_scraper – [Books] Category 'Childrens' – page 2: https://books.toscrape.com/catalogue/category/books/childrens_11/page-2.html
2026-10-07 03:19:47,667 [DEBUG   ] urllib3.connectionpool – https://books.toscrape.com:443 "GET /catalogue/category/books/childrens_11/page-2.html HTTP/1.1" 200 33788
2026-10-07 03:19:47,947 [DEBUG   ] scrapers.books_scraper – [Books] 29 records so far in 'Childrens'
2026-10-07 03:19:48,948 [INFO    ] scrapers.books_scraper – [Books] Category 'Religion' – page 1: https://books.toscrape.com/catalogue/category/books/religion_12/index.html
2026-10-07 03:19:49,233 [DEBUG   ] urllib3.connectionpool – https://books.toscrape.com:443 "GET /catalogue/category/books/religion_12/index.html HTTP/1.1" 200 30933
2026-10-07 03:19:49,562 [DEBUG   ] scrapers.books_scraper – [Books] 7 records so far in 'Religion'
2026-10-07 03:19:50,563 [INFO    ] scrapers.books_scraper – [Books] Category 'Nonfiction' – page 1: https://books.toscrape.com/catalogue/category/books/nonfiction_13/index.html
2026-10-07 03:19:50,822 [DEBUG   ] urllib3.connectionpool – https://books.toscrape.com:443 "GET /catalogue/category/books/nonfiction_13/index.html HTTP/1.1" 200 52725
2026-10-07 03:19:51,516 [DEBUG   ] scrapers.books_scraper – [Books] 20 records so far in 'Nonfiction'
2026-10-07 03:19:52,517 [INFO    ] scrapers.books_scraper – [Books] Category 'Nonfiction' – page 2: https://books.toscrape.com/catalogue/category/books/nonfiction_13/page-2.html
2026-10-07 03:19:52,812 [DEBUG   ] urllib3.connectionpool – https://books.toscrape.com:443 "GET /catalogue/category/books/nonfiction_13/page-2.html HTTP/1.1" 200 52464
2026-10-07 03:19:53,454 [DEBUG   ] scrapers.books_scraper – [Books] 40 records so far in 'Nonfiction'
2026-10-07 03:19:54,457 [INFO    ] scrapers.books_scraper – [Books] Category 'Nonfiction' – page 3: https://books.toscrape.com/catalogue/category/books/nonfiction_13/page-3.html
2026-10-07 03:19:54,759 [DEBUG   ] urllib3.connectionpool – https://books.toscrape.com:443 "GET /catalogue/category/books/nonfiction_13/page-3.html HTTP/1.1" 200 52401
2026-10-07 03:19:55,346 [DEBUG   ] scrapers.books_scraper – [Books] 60 records so far in 'Nonfiction'
2026-10-07 03:19:56,347 [INFO    ] scrapers.books_scraper – [Books] Category 'Nonfiction' – page 4: https://books.toscrape.com/catalogue/category/books/nonfiction_13/page-4.html
2026-10-07 03:19:56,702 [DEBUG   ] urllib3.connectionpool – https://books.toscrape.com:443 "GET /catalogue/category/books/nonfiction_13/page-4.html HTTP/1.1" 200 52538
2026-10-07 03:19:57,036 [DEBUG   ] scrapers.books_scraper – [Books] 80 records so far in 'Nonfiction'
2026-10-07 03:19:58,037 [INFO    ] scrapers.books_scraper – [Books] Category 'Nonfiction' – page 5: https://books.toscrape.com/catalogue/category/books/nonfiction_13/page-5.html
2026-10-07 03:19:58,342 [DEBUG   ] urllib3.connectionpool – https://books.toscrape.com:443 "GET /catalogue/category/books/nonfiction_13/page-5.html HTTP/1.1" 200 52115
2026-10-07 03:19:58,675 [DEBUG   ] scrapers.books_scraper – [Books] 100 records so far in 'Nonfiction'
2026-10-07 03:19:59,676 [INFO    ] scrapers.books_scraper – [Books] Category 'Nonfiction' – page 6: https://books.toscrape.com/catalogue/category/books/nonfiction_13/page-6.html
2026-10-07 03:19:59,984 [DEBUG   ] urllib3.connectionpool – https://books.toscrape.com:443 "GET /catalogue/category/books/nonfiction_13/page-6.html HTTP/1.1" 200 35365
2026-10-07 03:20:00,318 [DEBUG   ] scrapers.books_scraper – [Books] 110 records so far in 'Nonfiction'
2026-10-07 03:20:01,320 [INFO    ] scrapers.books_scraper – [Books] Category 'Music' – page 1: https://books.toscrape.com/catalogue/category/books/music_14/index.html
2026-10-07 03:20:01,619 [DEBUG   ] urllib3.connectionpool – https://books.toscrape.com:443 "GET /catalogue/category/books/music_14/index.html HTTP/1.1" 200 40193
2026-10-07 03:20:01,956 [DEBUG   ] scrapers.books_scraper – [Books] 13 records so far in 'Music'
2026-10-07 03:20:02,957 [INFO    ] scrapers.books_scraper – [Books] Category 'Default' – page 1: https://books.toscrape.com/catalogue/category/books/default_15/index.html
2026-10-07 03:20:03,256 [DEBUG   ] urllib3.connectionpool – https://books.toscrape.com:443 "GET /catalogue/category/books/default_15/index.html HTTP/1.1" 200 51474
2026-10-07 03:20:03,869 [DEBUG   ] scrapers.books_scraper – [Books] 20 records so far in 'Default'
2026-10-07 03:20:04,870 [INFO    ] scrapers.books_scraper – [Books] Category 'Default' – page 2: https://books.toscrape.com/catalogue/category/books/default_15/page-2.html
2026-10-07 03:20:05,170 [DEBUG   ] urllib3.connectionpool – https://books.toscrape.com:443 "GET /catalogue/category/books/default_15/page-2.html HTTP/1.1" 200 50858
2026-10-07 03:20:05,808 [DEBUG   ] scrapers.books_scraper – [Books] 40 records so far in 'Default'
2026-10-07 03:20:06,809 [INFO    ] scrapers.books_scraper – [Books] Category 'Default' – page 3: https://books.toscrape.com/catalogue/category/books/default_15/page-3.html
2026-10-07 03:20:07,063 [DEBUG   ] urllib3.connectionpool – https://books.toscrape.com:443 "GET /catalogue/category/books/default_15/page-3.html HTTP/1.1" 200 50824
2026-10-07 03:20:07,693 [DEBUG   ] scrapers.books_scraper – [Books] 60 records so far in 'Default'
2026-10-07 03:20:08,693 [INFO    ] scrapers.books_scraper – [Books] Category 'Default' – page 4: https://books.toscrape.com/catalogue/category/books/default_15/page-4.html
2026-10-07 03:20:08,999 [DEBUG   ] urllib3.connectionpool – https://books.toscrape.com:443 "GET /catalogue/category/books/default_15/page-4.html HTTP/1.1" 200 51222
2026-10-07 03:20:09,641 [DEBUG   ] scrapers.books_scraper – [Books] 80 records so far in 'Default'
2026-10-07 03:20:10,642 [INFO    ] scrapers.books_scraper – [Books] Category 'Default' – page 5: https://books.toscrape.com/catalogue/category/books/default_15/page-5.html
2026-10-07 03:20:10,935 [DEBUG   ] urllib3.connectionpool – https://books.toscrape.com:443 "GET /catalogue/category/books/default_15/page-5.html HTTP/1.1" 200 51027
2026-10-07 03:20:11,581 [DEBUG   ] scrapers.books_scraper – [Books] 100 records so far in 'Default'
2026-10-07 03:20:12,582 [INFO    ] scrapers.books_scraper – [Books] Category 'Default' – page 6: https://books.toscrape.com/catalogue/category/books/default_15/page-6.html
2026-10-07 03:20:12,894 [DEBUG   ] urllib3.connectionpool – https://books.toscrape.com:443 "GET /catalogue/category/books/default_15/page-6.html HTTP/1.1" 200 50328
2026-10-07 03:20:13,533 [DEBUG   ] scrapers.books_scraper – [Books] 120 records so far in 'Default'
2026-10-07 03:20:14,534 [INFO    ] scrapers.books_scraper – [Books] Category 'Default' – page 7: https://books.toscrape.com/catalogue/category/books/default_15/page-7.html
2026-10-07 03:20:14,829 [DEBUG   ] urllib3.connectionpool – https://books.toscrape.com:443 "GET /catalogue/category/books/default_15/page-7.html HTTP/1.1" 200 50668
2026-10-07 03:20:15,419 [DEBUG   ] scrapers.books_scraper – [Books] 140 records so far in 'Default'
2026-10-07 03:20:16,420 [INFO    ] scrapers.books_scraper – [Books] Category 'Default' – page 8: https://books.toscrape.com/catalogue/category/books/default_15/page-8.html
2026-10-07 03:20:16,772 [DEBUG   ] urllib3.connectionpool – https://books.toscrape.com:443 "GET /catalogue/category/books/default_15/page-8.html HTTP/1.1" 200 37911
2026-10-07 03:20:17,085 [DEBUG   ] scrapers.books_scraper – [Books] 152 records so far in 'Default'
2026-10-07 03:20:18,087 [INFO    ] scrapers.books_scraper – [Books] Category 'Science Fiction' – page 1: https://books.toscrape.com/catalogue/category/books/science-fiction_16/index.html
2026-10-07 03:20:18,417 [DEBUG   ] urllib3.connectionpool – https://books.toscrape.com:443 "GET /catalogue/category/books/science-fiction_16/index.html HTTP/1.1" 200 44447
2026-10-07 03:20:19,056 [DEBUG   ] scrapers.books_scraper – [Books] 16 records so far in 'Science Fiction'
2026-10-07 03:20:20,057 [INFO    ] scrapers.books_scraper – [Books] Category 'Sports and Games' – page 1: https://books.toscrape.com/catalogue/category/books/sports-and-games_17/index.html
2026-10-07 03:20:20,377 [DEBUG   ] urllib3.connectionpool – https://books.toscrape.com:443 "GET /catalogue/category/books/sports-and-games_17/index.html HTTP/1.1" 200 27558
2026-10-07 03:20:20,656 [DEBUG   ] scrapers.books_scraper – [Books] 5 records so far in 'Sports and Games'
2026-10-07 03:20:21,657 [INFO    ] scrapers.books_scraper – [Books] Category 'Add a comment' – page 1: https://books.toscrape.com/catalogue/category/books/add-a-comment_18/index.html
2026-10-07 03:20:21,986 [DEBUG   ] urllib3.connectionpool – https://books.toscrape.com:443 "GET /catalogue/category/books/add-a-comment_18/index.html HTTP/1.1" 200 50931
2026-10-07 03:20:22,641 [DEBUG   ] scrapers.books_scraper – [Books] 20 records so far in 'Add a comment'
2026-10-07 03:20:23,641 [INFO    ] scrapers.books_scraper – [Books] Category 'Add a comment' – page 2: https://books.toscrape.com/catalogue/category/books/add-a-comment_18/page-2.html
2026-10-07 03:20:23,905 [DEBUG   ] urllib3.connectionpool – https://books.toscrape.com:443 "GET /catalogue/category/books/add-a-comment_18/page-2.html HTTP/1.1" 200 50119
2026-10-07 03:20:24,499 [DEBUG   ] scrapers.books_scraper – [Books] 40 records so far in 'Add a comment'
2026-10-07 03:20:25,500 [INFO    ] scrapers.books_scraper – [Books] Category 'Add a comment' – page 3: https://books.toscrape.com/catalogue/category/books/add-a-comment_18/page-3.html
2026-10-07 03:20:25,755 [DEBUG   ] urllib3.connectionpool – https://books.toscrape.com:443 "GET /catalogue/category/books/add-a-comment_18/page-3.html HTTP/1.1" 200 50992
2026-10-07 03:20:26,430 [DEBUG   ] scrapers.books_scraper – [Books] 60 records so far in 'Add a comment'
2026-10-07 03:20:27,431 [INFO    ] scrapers.books_scraper – [Books] Category 'Add a comment' – page 4: https://books.toscrape.com/catalogue/category/books/add-a-comment_18/page-4.html
2026-10-07 03:20:27,699 [DEBUG   ] urllib3.connectionpool – https://books.toscrape.com:443 "GET /catalogue/category/books/add-a-comment_18/page-4.html HTTP/1.1" 200 30297
2026-10-07 03:20:27,966 [DEBUG   ] scrapers.books_scraper – [Books] 67 records so far in 'Add a comment'
2026-10-07 03:20:28,967 [INFO    ] scrapers.books_scraper – [Books] Category 'Fantasy' – page 1: https://books.toscrape.com/catalogue/category/books/fantasy_19/index.html
2026-10-07 03:20:29,268 [DEBUG   ] urllib3.connectionpool – https://books.toscrape.com:443 "GET /catalogue/category/books/fantasy_19/index.html HTTP/1.1" 200 51248
2026-10-07 03:20:29,876 [DEBUG   ] scrapers.books_scraper – [Books] 20 records so far in 'Fantasy'
2026-10-07 03:20:30,877 [INFO    ] scrapers.books_scraper – [Books] Category 'Fantasy' – page 2: https://books.toscrape.com/catalogue/category/books/fantasy_19/page-2.html
2026-10-07 03:20:31,224 [DEBUG   ] urllib3.connectionpool – https://books.toscrape.com:443 "GET /catalogue/category/books/fantasy_19/page-2.html HTTP/1.1" 200 50831
2026-10-07 03:20:31,868 [DEBUG   ] scrapers.books_scraper – [Books] 40 records so far in 'Fantasy'
2026-10-07 03:20:32,869 [INFO    ] scrapers.books_scraper – [Books] Category 'Fantasy' – page 3: https://books.toscrape.com/catalogue/category/books/fantasy_19/page-3.html
2026-10-07 03:20:33,124 [DEBUG   ] urllib3.connectionpool – https://books.toscrape.com:443 "GET /catalogue/category/books/fantasy_19/page-3.html HTTP/1.1" 200 32210
2026-10-07 03:20:33,481 [DEBUG   ] scrapers.books_scraper – [Books] 48 records so far in 'Fantasy'
2026-10-07 03:20:34,481 [INFO    ] scrapers.books_scraper – [Books] Category 'New Adult' – page 1: https://books.toscrape.com/catalogue/category/books/new-adult_20/index.html
2026-10-07 03:20:34,811 [DEBUG   ] urllib3.connectionpool – https://books.toscrape.com:443 "GET /catalogue/category/books/new-adult_20/index.html HTTP/1.1" 200 28732
2026-10-07 03:20:35,128 [DEBUG   ] scrapers.books_scraper – [Books] 6 records so far in 'New Adult'
2026-10-07 03:20:36,129 [INFO    ] scrapers.books_scraper – [Books] Category 'Young Adult' – page 1: https://books.toscrape.com/catalogue/category/books/young-adult_21/index.html
2026-10-07 03:20:36,435 [DEBUG   ] urllib3.connectionpool – https://books.toscrape.com:443 "GET /catalogue/category/books/young-adult_21/index.html HTTP/1.1" 200 50167
2026-10-07 03:20:37,086 [DEBUG   ] scrapers.books_scraper – [Books] 20 records so far in 'Young Adult'
2026-10-07 03:20:38,087 [INFO    ] scrapers.books_scraper – [Books] Category 'Young Adult' – page 2: https://books.toscrape.com/catalogue/category/books/young-adult_21/page-2.html
2026-10-07 03:20:38,380 [DEBUG   ] urllib3.connectionpool – https://books.toscrape.com:443 "GET /catalogue/category/books/young-adult_21/page-2.html HTTP/1.1" 200 50268
2026-10-07 03:20:39,020 [DEBUG   ] scrapers.books_scraper – [Books] 40 records so far in 'Young Adult'
2026-10-07 03:20:40,021 [INFO    ] scrapers.books_scraper – [Books] Category 'Young Adult' – page 3: https://books.toscrape.com/catalogue/category/books/young-adult_21/page-3.html
2026-10-07 03:20:40,300 [DEBUG   ] urllib3.connectionpool – https://books.toscrape.com:443 "GET /catalogue/category/books/young-adult_21/page-3.html HTTP/1.1" 200 40893
2026-10-07 03:20:40,567 [DEBUG   ] scrapers.books_scraper – [Books] 54 records so far in 'Young Adult'
2026-10-07 03:20:41,568 [INFO    ] scrapers.books_scraper – [Books] Category 'Science' – page 1: https://books.toscrape.com/catalogue/category/books/science_22/index.html
2026-10-07 03:20:41,862 [DEBUG   ] urllib3.connectionpool – https://books.toscrape.com:443 "GET /catalogue/category/books/science_22/index.html HTTP/1.1" 200 42547
2026-10-07 03:20:42,506 [DEBUG   ] scrapers.books_scraper – [Books] 14 records so far in 'Science'
2026-10-07 03:20:43,507 [INFO    ] scrapers.books_scraper – [Books] Category 'Poetry' – page 1: https://books.toscrape.com/catalogue/category/books/poetry_23/index.html
2026-10-07 03:20:43,808 [DEBUG   ] urllib3.connectionpool – https://books.toscrape.com:443 "GET /catalogue/category/books/poetry_23/index.html HTTP/1.1" 200 48207
2026-10-07 03:20:44,458 [DEBUG   ] scrapers.books_scraper – [Books] 19 records so far in 'Poetry'
2026-10-07 03:20:45,459 [INFO    ] scrapers.books_scraper – [Books] Category 'Paranormal' – page 1: https://books.toscrape.com/catalogue/category/books/paranormal_24/index.html
2026-10-07 03:20:45,752 [DEBUG   ] urllib3.connectionpool – https://books.toscrape.com:443 "GET /catalogue/category/books/paranormal_24/index.html HTTP/1.1" 200 21385
2026-10-07 03:20:46,077 [DEBUG   ] scrapers.books_scraper – [Books] 1 records so far in 'Paranormal'
2026-10-07 03:20:47,078 [INFO    ] scrapers.books_scraper – [Books] Category 'Art' – page 1: https://books.toscrape.com/catalogue/category/books/art_25/index.html
2026-10-07 03:20:47,395 [DEBUG   ] urllib3.connectionpool – https://books.toscrape.com:443 "GET /catalogue/category/books/art_25/index.html HTTP/1.1" 200 31769
2026-10-07 03:20:47,721 [DEBUG   ] scrapers.books_scraper – [Books] 8 records so far in 'Art'
2026-10-07 03:20:48,722 [INFO    ] scrapers.books_scraper – [Books] Category 'Psychology' – page 1: https://books.toscrape.com/catalogue/category/books/psychology_26/index.html
2026-10-07 03:20:49,029 [DEBUG   ] urllib3.connectionpool – https://books.toscrape.com:443 "GET /catalogue/category/books/psychology_26/index.html HTTP/1.1" 200 30968
2026-10-07 03:20:49,354 [DEBUG   ] scrapers.books_scraper – [Books] 7 records so far in 'Psychology'
2026-10-07 03:20:50,356 [INFO    ] scrapers.books_scraper – [Books] Category 'Autobiography' – page 1: https://books.toscrape.com/catalogue/category/books/autobiography_27/index.html
2026-10-07 03:20:50,668 [DEBUG   ] urllib3.connectionpool – https://books.toscrape.com:443 "GET /catalogue/category/books/autobiography_27/index.html HTTP/1.1" 200 33034
2026-10-07 03:20:50,998 [DEBUG   ] scrapers.books_scraper – [Books] 9 records so far in 'Autobiography'
2026-10-07 03:20:51,999 [INFO    ] scrapers.books_scraper – [Books] Category 'Parenting' – page 1: https://books.toscrape.com/catalogue/category/books/parenting_28/index.html
2026-10-07 03:20:52,307 [DEBUG   ] urllib3.connectionpool – https://books.toscrape.com:443 "GET /catalogue/category/books/parenting_28/index.html HTTP/1.1" 200 21492
2026-10-07 03:20:52,626 [DEBUG   ] scrapers.books_scraper – [Books] 1 records so far in 'Parenting'
2026-10-07 03:20:53,627 [INFO    ] scrapers.books_scraper – [Books] Category 'Adult Fiction' – page 1: https://books.toscrape.com/catalogue/category/books/adult-fiction_29/index.html
2026-10-07 03:20:53,944 [DEBUG   ] urllib3.connectionpool – https://books.toscrape.com:443 "GET /catalogue/category/books/adult-fiction_29/index.html HTTP/1.1" 200 21377
2026-10-07 03:20:54,223 [DEBUG   ] scrapers.books_scraper – [Books] 1 records so far in 'Adult Fiction'
2026-10-07 03:20:55,234 [INFO    ] scrapers.books_scraper – [Books] Category 'Humor' – page 1: https://books.toscrape.com/catalogue/category/books/humor_30/index.html
2026-10-07 03:20:55,489 [DEBUG   ] urllib3.connectionpool – https://books.toscrape.com:443 "GET /catalogue/category/books/humor_30/index.html HTTP/1.1" 200 35542
2026-10-07 03:20:55,769 [DEBUG   ] scrapers.books_scraper – [Books] 10 records so far in 'Humor'
2026-10-07 03:20:56,770 [INFO    ] scrapers.books_scraper – [Books] Category 'Horror' – page 1: https://books.toscrape.com/catalogue/category/books/horror_31/index.html
2026-10-07 03:20:57,087 [DEBUG   ] urllib3.connectionpool – https://books.toscrape.com:443 "GET /catalogue/category/books/horror_31/index.html HTTP/1.1" 200 44510
2026-10-07 03:20:57,723 [DEBUG   ] scrapers.books_scraper – [Books] 17 records so far in 'Horror'
2026-10-07 03:20:58,724 [INFO    ] scrapers.books_scraper – [Books] Category 'History' – page 1: https://books.toscrape.com/catalogue/category/books/history_32/index.html
2026-10-07 03:20:59,064 [DEBUG   ] urllib3.connectionpool – https://books.toscrape.com:443 "GET /catalogue/category/books/history_32/index.html HTTP/1.1" 200 49302
2026-10-07 03:20:59,697 [DEBUG   ] scrapers.books_scraper – [Books] 18 records so far in 'History'
2026-10-07 03:21:00,698 [INFO    ] scrapers.books_scraper – [Books] Category 'Food and Drink' – page 1: https://books.toscrape.com/catalogue/category/books/food-and-drink_33/index.html
2026-10-07 03:21:01,011 [DEBUG   ] urllib3.connectionpool – https://books.toscrape.com:443 "GET /catalogue/category/books/food-and-drink_33/index.html HTTP/1.1" 200 54124
2026-10-07 03:21:01,657 [DEBUG   ] scrapers.books_scraper – [Books] 20 records so far in 'Food and Drink'
2026-10-07 03:21:02,658 [INFO    ] scrapers.books_scraper – [Books] Category 'Food and Drink' – page 2: https://books.toscrape.com/catalogue/category/books/food-and-drink_33/page-2.html
2026-10-07 03:21:02,961 [DEBUG   ] urllib3.connectionpool – https://books.toscrape.com:443 "GET /catalogue/category/books/food-and-drink_33/page-2.html HTTP/1.1" 200 36510
2026-10-07 03:21:03,289 [DEBUG   ] scrapers.books_scraper – [Books] 30 records so far in 'Food and Drink'
2026-10-07 03:21:04,290 [INFO    ] scrapers.books_scraper – [Books] Category 'Christian Fiction' – page 1: https://books.toscrape.com/catalogue/category/books/christian-fiction_34/index.html
2026-10-07 03:21:04,594 [DEBUG   ] urllib3.connectionpool – https://books.toscrape.com:443 "GET /catalogue/category/books/christian-fiction_34/index.html HTTP/1.1" 200 28767
2026-10-07 03:21:04,941 [DEBUG   ] scrapers.books_scraper – [Books] 6 records so far in 'Christian Fiction'
2026-10-07 03:21:05,942 [INFO    ] scrapers.books_scraper – [Books] Category 'Business' – page 1: https://books.toscrape.com/catalogue/category/books/business_35/index.html
2026-10-07 03:21:06,235 [DEBUG   ] urllib3.connectionpool – https://books.toscrape.com:443 "GET /catalogue/category/books/business_35/index.html HTTP/1.1" 200 39006
2026-10-07 03:21:06,564 [DEBUG   ] scrapers.books_scraper – [Books] 12 records so far in 'Business'
2026-10-07 03:21:07,565 [INFO    ] scrapers.books_scraper – [Books] Category 'Biography' – page 1: https://books.toscrape.com/catalogue/category/books/biography_36/index.html
2026-10-07 03:21:07,838 [DEBUG   ] urllib3.connectionpool – https://books.toscrape.com:443 "GET /catalogue/category/books/biography_36/index.html HTTP/1.1" 200 27988
2026-10-07 03:21:08,166 [DEBUG   ] scrapers.books_scraper – [Books] 5 records so far in 'Biography'
2026-10-07 03:21:09,166 [INFO    ] scrapers.books_scraper – [Books] Category 'Thriller' – page 1: https://books.toscrape.com/catalogue/category/books/thriller_37/index.html
2026-10-07 03:21:09,417 [DEBUG   ] urllib3.connectionpool – https://books.toscrape.com:443 "GET /catalogue/category/books/thriller_37/index.html HTTP/1.1" 200 36067
2026-10-07 03:21:09,758 [DEBUG   ] scrapers.books_scraper – [Books] 11 records so far in 'Thriller'
2026-10-07 03:21:10,759 [INFO    ] scrapers.books_scraper – [Books] Category 'Contemporary' – page 1: https://books.toscrape.com/catalogue/category/books/contemporary_38/index.html
2026-10-07 03:21:11,035 [DEBUG   ] urllib3.connectionpool – https://books.toscrape.com:443 "GET /catalogue/category/books/contemporary_38/index.html HTTP/1.1" 200 24345
2026-10-07 03:21:11,376 [DEBUG   ] scrapers.books_scraper – [Books] 3 records so far in 'Contemporary'
2026-10-07 03:21:12,378 [INFO    ] scrapers.books_scraper – [Books] Category 'Spirituality' – page 1: https://books.toscrape.com/catalogue/category/books/spirituality_39/index.html
2026-10-07 03:21:12,684 [DEBUG   ] urllib3.connectionpool – https://books.toscrape.com:443 "GET /catalogue/category/books/spirituality_39/index.html HTTP/1.1" 200 29649
2026-10-07 03:21:13,018 [DEBUG   ] scrapers.books_scraper – [Books] 6 records so far in 'Spirituality'
2026-10-07 03:21:14,020 [INFO    ] scrapers.books_scraper – [Books] Category 'Academic' – page 1: https://books.toscrape.com/catalogue/category/books/academic_40/index.html
2026-10-07 03:21:14,338 [DEBUG   ] urllib3.connectionpool – https://books.toscrape.com:443 "GET /catalogue/category/books/academic_40/index.html HTTP/1.1" 200 21359
2026-10-07 03:21:14,646 [DEBUG   ] scrapers.books_scraper – [Books] 1 records so far in 'Academic'
2026-10-07 03:21:15,648 [INFO    ] scrapers.books_scraper – [Books] Category 'Self Help' – page 1: https://books.toscrape.com/catalogue/category/books/self-help_41/index.html
2026-10-07 03:21:15,962 [DEBUG   ] urllib3.connectionpool – https://books.toscrape.com:443 "GET /catalogue/category/books/self-help_41/index.html HTTP/1.1" 200 27997
2026-10-07 03:21:16,238 [DEBUG   ] scrapers.books_scraper – [Books] 5 records so far in 'Self Help'
2026-10-07 03:21:17,239 [INFO    ] scrapers.books_scraper – [Books] Category 'Historical' – page 1: https://books.toscrape.com/catalogue/category/books/historical_42/index.html
2026-10-07 03:21:17,604 [DEBUG   ] urllib3.connectionpool – https://books.toscrape.com:443 "GET /catalogue/category/books/historical_42/index.html HTTP/1.1" 200 22924
2026-10-07 03:21:17,932 [DEBUG   ] scrapers.books_scraper – [Books] 2 records so far in 'Historical'
2026-10-07 03:21:18,933 [INFO    ] scrapers.books_scraper – [Books] Category 'Christian' – page 1: https://books.toscrape.com/catalogue/category/books/christian_43/index.html
2026-10-07 03:21:19,238 [DEBUG   ] urllib3.connectionpool – https://books.toscrape.com:443 "GET /catalogue/category/books/christian_43/index.html HTTP/1.1" 200 24662
2026-10-07 03:21:19,560 [DEBUG   ] scrapers.books_scraper – [Books] 3 records so far in 'Christian'
2026-10-07 03:21:20,561 [INFO    ] scrapers.books_scraper – [Books] Category 'Suspense' – page 1: https://books.toscrape.com/catalogue/category/books/suspense_44/index.html
2026-10-07 03:21:20,883 [DEBUG   ] urllib3.connectionpool – https://books.toscrape.com:443 "GET /catalogue/category/books/suspense_44/index.html HTTP/1.1" 200 21362
2026-10-07 03:21:21,216 [DEBUG   ] scrapers.books_scraper – [Books] 1 records so far in 'Suspense'
2026-10-07 03:21:22,217 [INFO    ] scrapers.books_scraper – [Books] Category 'Short Stories' – page 1: https://books.toscrape.com/catalogue/category/books/short-stories_45/index.html
2026-10-07 03:21:22,514 [DEBUG   ] urllib3.connectionpool – https://books.toscrape.com:443 "GET /catalogue/category/books/short-stories_45/index.html HTTP/1.1" 200 21264
2026-10-07 03:21:22,834 [DEBUG   ] scrapers.books_scraper – [Books] 1 records so far in 'Short Stories'
2026-10-07 03:21:23,837 [INFO    ] scrapers.books_scraper – [Books] Category 'Novels' – page 1: https://books.toscrape.com/catalogue/category/books/novels_46/index.html
2026-10-07 03:21:24,152 [DEBUG   ] urllib3.connectionpool – https://books.toscrape.com:443 "GET /catalogue/category/books/novels_46/index.html HTTP/1.1" 200 21456
2026-10-07 03:21:24,430 [DEBUG   ] scrapers.books_scraper – [Books] 1 records so far in 'Novels'
2026-10-07 03:21:25,431 [INFO    ] scrapers.books_scraper – [Books] Category 'Health' – page 1: https://books.toscrape.com/catalogue/category/books/health_47/index.html
2026-10-07 03:21:25,797 [DEBUG   ] urllib3.connectionpool – https://books.toscrape.com:443 "GET /catalogue/category/books/health_47/index.html HTTP/1.1" 200 26240
2026-10-07 03:21:26,112 [DEBUG   ] scrapers.books_scraper – [Books] 4 records so far in 'Health'
2026-10-07 03:21:27,112 [INFO    ] scrapers.books_scraper – [Books] Category 'Politics' – page 1: https://books.toscrape.com/catalogue/category/books/politics_48/index.html
2026-10-07 03:21:27,429 [DEBUG   ] urllib3.connectionpool – https://books.toscrape.com:443 "GET /catalogue/category/books/politics_48/index.html HTTP/1.1" 200 24717
2026-10-07 03:21:27,772 [DEBUG   ] scrapers.books_scraper – [Books] 3 records so far in 'Politics'
2026-10-07 03:21:28,773 [INFO    ] scrapers.books_scraper – [Books] Category 'Cultural' – page 1: https://books.toscrape.com/catalogue/category/books/cultural_49/index.html
2026-10-07 03:21:29,041 [DEBUG   ] urllib3.connectionpool – https://books.toscrape.com:443 "GET /catalogue/category/books/cultural_49/index.html HTTP/1.1" 200 21269
2026-10-07 03:21:29,315 [DEBUG   ] scrapers.books_scraper – [Books] 1 records so far in 'Cultural'
2026-10-07 03:21:30,316 [INFO    ] scrapers.books_scraper – [Books] Category 'Erotica' – page 1: https://books.toscrape.com/catalogue/category/books/erotica_50/index.html
2026-10-07 03:21:30,606 [DEBUG   ] urllib3.connectionpool – https://books.toscrape.com:443 "GET /catalogue/category/books/erotica_50/index.html HTTP/1.1" 200 21248
2026-10-07 03:21:30,898 [DEBUG   ] scrapers.books_scraper – [Books] 1 records so far in 'Erotica'
2026-10-07 03:21:31,901 [INFO    ] scrapers.books_scraper – [Books] Category 'Crime' – page 1: https://books.toscrape.com/catalogue/category/books/crime_51/index.html
2026-10-07 03:21:32,158 [DEBUG   ] urllib3.connectionpool – https://books.toscrape.com:443 "GET /catalogue/category/books/crime_51/index.html HTTP/1.1" 200 21493
2026-10-07 03:21:32,458 [DEBUG   ] scrapers.books_scraper – [Books] 1 records so far in 'Crime'
2026-10-07 03:21:33,459 [INFO    ] scrapers.books_scraper – [Books] Finished. 1000 raw records collected.
2026-10-07 03:21:33,460 [INFO    ] main – Books raw records: 1000
2026-10-07 03:21:33,461 [INFO    ] scrapers.quotes_scraper – [Quotes] Starting scrape …
2026-10-07 03:21:33,462 [INFO    ] scrapers.quotes_scraper – [Quotes] Page 1: https://quotes.toscrape.com/
2026-10-07 03:21:33,463 [DEBUG   ] urllib3.connectionpool – Starting new HTTPS connection (1): quotes.toscrape.com:443
2026-10-07 03:21:34,356 [DEBUG   ] urllib3.connectionpool – https://quotes.toscrape.com:443 "GET / HTTP/1.1" 200 11064
2026-10-07 03:21:34,707 [DEBUG   ] scrapers.quotes_scraper – [Quotes] 10 records so far.
2026-10-07 03:21:35,708 [INFO    ] scrapers.quotes_scraper – [Quotes] Page 2: https://quotes.toscrape.com/page/2/
2026-10-07 03:21:36,031 [DEBUG   ] urllib3.connectionpool – https://quotes.toscrape.com:443 "GET /page/2/ HTTP/1.1" 200 13745
2026-10-07 03:21:36,297 [DEBUG   ] scrapers.quotes_scraper – [Quotes] 20 records so far.
2026-10-07 03:21:37,298 [INFO    ] scrapers.quotes_scraper – [Quotes] Page 3: https://quotes.toscrape.com/page/3/
2026-10-07 03:21:37,672 [DEBUG   ] urllib3.connectionpool – https://quotes.toscrape.com:443 "GET /page/3/ HTTP/1.1" 200 10029
2026-10-07 03:21:37,682 [DEBUG   ] scrapers.quotes_scraper – [Quotes] 30 records so far.
2026-10-07 03:21:38,683 [INFO    ] scrapers.quotes_scraper – [Quotes] Page 4: https://quotes.toscrape.com/page/4/
2026-10-07 03:21:39,003 [DEBUG   ] urllib3.connectionpool – https://quotes.toscrape.com:443 "GET /page/4/ HTTP/1.1" 200 10325
2026-10-07 03:21:39,014 [DEBUG   ] scrapers.quotes_scraper – [Quotes] 40 records so far.
2026-10-07 03:21:40,015 [INFO    ] scrapers.quotes_scraper – [Quotes] Page 5: https://quotes.toscrape.com/page/5/
2026-10-07 03:21:40,333 [DEBUG   ] urllib3.connectionpool – https://quotes.toscrape.com:443 "GET /page/5/ HTTP/1.1" 200 10012
2026-10-07 03:21:40,343 [DEBUG   ] scrapers.quotes_scraper – [Quotes] 50 records so far.
2026-10-07 03:21:41,344 [INFO    ] scrapers.quotes_scraper – [Quotes] Page 6: https://quotes.toscrape.com/page/6/
2026-10-07 03:21:41,663 [DEBUG   ] urllib3.connectionpool – https://quotes.toscrape.com:443 "GET /page/6/ HTTP/1.1" 200 10416
2026-10-07 03:21:41,673 [DEBUG   ] scrapers.quotes_scraper – [Quotes] 60 records so far.
2026-10-07 03:21:42,674 [INFO    ] scrapers.quotes_scraper – [Quotes] Page 7: https://quotes.toscrape.com/page/7/
2026-10-07 03:21:42,994 [DEBUG   ] urllib3.connectionpool – https://quotes.toscrape.com:443 "GET /page/7/ HTTP/1.1" 200 10722
2026-10-07 03:21:43,020 [DEBUG   ] scrapers.quotes_scraper – [Quotes] 70 records so far.
2026-10-07 03:21:44,021 [INFO    ] scrapers.quotes_scraper – [Quotes] Page 8: https://quotes.toscrape.com/page/8/
2026-10-07 03:21:44,285 [DEBUG   ] urllib3.connectionpool – https://quotes.toscrape.com:443 "GET /page/8/ HTTP/1.1" 200 11393
2026-10-07 03:21:44,297 [DEBUG   ] scrapers.quotes_scraper – [Quotes] 80 records so far.
2026-10-07 03:21:45,298 [INFO    ] scrapers.quotes_scraper – [Quotes] Page 9: https://quotes.toscrape.com/page/9/
2026-10-07 03:21:45,667 [DEBUG   ] urllib3.connectionpool – https://quotes.toscrape.com:443 "GET /page/9/ HTTP/1.1" 200 11022
2026-10-07 03:21:45,756 [DEBUG   ] scrapers.quotes_scraper – [Quotes] 90 records so far.
2026-10-07 03:21:46,759 [INFO    ] scrapers.quotes_scraper – [Quotes] Page 10: https://quotes.toscrape.com/page/10/
2026-10-07 03:21:47,104 [DEBUG   ] urllib3.connectionpool – https://quotes.toscrape.com:443 "GET /page/10/ HTTP/1.1" 200 9943
2026-10-07 03:21:47,123 [DEBUG   ] scrapers.quotes_scraper – [Quotes] 100 records so far.
2026-10-07 03:21:47,127 [INFO    ] scrapers.quotes_scraper – [Quotes] Finished. 100 raw records collected.
2026-10-07 03:21:47,128 [INFO    ] main – Quotes raw records: 100
2026-10-07 03:21:47,143 [INFO    ] main – Total raw records: 1100
2026-10-07 03:21:47,155 [INFO    ] main – STEP 2 – Cleaning …
2026-10-07 03:21:47,192 [INFO    ] main – Records after cleaning: 1100
2026-10-07 03:21:47,193 [INFO    ] main – STEP 3 – Validating …
2026-10-07 03:21:47,202 [INFO    ] processing.validation – Validation complete – valid: 1100  rejected: 0
2026-10-07 03:21:47,202 [INFO    ] main – Valid: 1100  Rejected: 0
2026-10-07 03:21:47,202 [INFO    ] main – STEP 4 – Deduplicating …
2026-10-07 03:21:47,209 [DEBUG   ] processing.deduplication – Duplicate detected (key=('books to scrape', 'the star-touched queen')) at record index 707 (first seen at index 700)
2026-10-07 03:21:47,212 [INFO    ] processing.deduplication – Deduplication complete – unique: 1099  duplicates removed: 1
2026-10-07 03:21:47,212 [INFO    ] main – Unique: 1099  Duplicates removed: 1
2026-10-07 03:21:47,213 [INFO    ] main – STEP 5 – Writing outputs …
2026-10-07 03:21:47,230 [INFO    ] main – CSV written to C:\Users\anamd\Desktop\Web_Scrapping\output\final_dataset.csv (1099 records).
2026-10-07 03:21:47,233 [INFO    ] main – Summary written to C:\Users\anamd\Desktop\Web_Scrapping\output\summary_report.json.
2026-10-07 03:21:47,235 [INFO    ] main – ============================================================
2026-10-07 03:21:47,235 [INFO    ] main – Pipeline complete in 155.72 s.
2026-10-07 03:21:47,237 [INFO    ] main – Final records:        1099
2026-10-07 03:21:47,237 [INFO    ] main – Duplicates removed:   1
2026-10-07 03:21:47,238 [INFO    ] main – Rejected (invalid):   0
2026-10-07 03:21:47,239 [INFO    ] main – Output CSV:           C:\Users\anamd\Desktop\Web_Scrapping\output\final_dataset.csv
2026-10-07 03:21:47,241 [INFO    ] main – Summary report:       C:\Users\anamd\Desktop\Web_Scrapping\output\summary_report.json
2026-10-07 03:21:47,241 [INFO    ] main – Log file:             C:\Users\anamd\Desktop\Web_Scrapping\logs\scrape_20261006_214911.log
2026-10-07 03:21:47,241 [INFO    ] main – ============================================================
