2026-10-07 02:37:22,381 [INFO    ] main – ============================================================
2026-10-07 02:37:22,381 [INFO    ] main – Pipeline started at 2026-10-06T21:07:22.381682+00:00
2026-10-07 02:37:22,382 [INFO    ] main – ============================================================
2026-10-07 02:37:22,382 [INFO    ] main – STEP 1 – Scraping …
2026-10-07 02:37:22,382 [INFO    ] scrapers.books_scraper – [Books] Starting scrape …
2026-10-07 02:37:22,388 [DEBUG   ] urllib3.connectionpool – Starting new HTTPS connection (1): books.toscrape.com:443
2026-10-07 02:37:23,452 [DEBUG   ] urllib3.connectionpool – https://books.toscrape.com:443 "GET / HTTP/1.1" 200 51294
2026-10-07 02:37:24,028 [INFO    ] scrapers.books_scraper – [Books] Found 50 categories.
2026-10-07 02:37:24,028 [INFO    ] scrapers.books_scraper – [Books] Category 'Travel' – page 1: https://books.toscrape.com/catalogue/category/books/travel_2/index.html
2026-10-07 02:37:24,294 [DEBUG   ] urllib3.connectionpool – https://books.toscrape.com:443 "GET /catalogue/category/books/travel_2/index.html HTTP/1.1" 200 37009
2026-10-07 02:37:24,335 [DEBUG   ] scrapers.books_scraper – [Books] 11 records so far in 'Travel'
2026-10-07 02:37:25,336 [INFO    ] scrapers.books_scraper – [Books] Category 'Mystery' – page 1: https://books.toscrape.com/catalogue/category/books/mystery_3/index.html
2026-10-07 02:37:25,601 [DEBUG   ] urllib3.connectionpool – https://books.toscrape.com:443 "GET /catalogue/category/books/mystery_3/index.html HTTP/1.1" 200 50388
2026-10-07 02:37:25,666 [DEBUG   ] scrapers.books_scraper – [Books] 20 records so far in 'Mystery'
2026-10-07 02:37:26,667 [INFO    ] scrapers.books_scraper – [Books] Category 'Mystery' – page 2: https://books.toscrape.com/catalogue/category/books/mystery_3/page-2.html
2026-10-07 02:37:26,930 [DEBUG   ] urllib3.connectionpool – https://books.toscrape.com:443 "GET /catalogue/category/books/mystery_3/page-2.html HTTP/1.1" 200 38533
2026-10-07 02:37:27,279 [DEBUG   ] scrapers.books_scraper – [Books] 32 records so far in 'Mystery'
2026-10-07 02:37:28,280 [INFO    ] scrapers.books_scraper – [Books] Category 'Historical Fiction' – page 1: https://books.toscrape.com/catalogue/category/books/historical-fiction_4/index.html
2026-10-07 02:37:28,558 [DEBUG   ] urllib3.connectionpool – https://books.toscrape.com:443 "GET /catalogue/category/books/historical-fiction_4/index.html HTTP/1.1" 200 50109
2026-10-07 02:37:29,159 [DEBUG   ] scrapers.books_scraper – [Books] 20 records so far in 'Historical Fiction'
2026-10-07 02:37:30,159 [INFO    ] scrapers.books_scraper – [Books] Category 'Historical Fiction' – page 2: https://books.toscrape.com/catalogue/category/books/historical-fiction_4/page-2.html
2026-10-07 02:37:30,509 [DEBUG   ] urllib3.connectionpool – https://books.toscrape.com:443 "GET /catalogue/category/books/historical-fiction_4/page-2.html HTTP/1.1" 200 29015
2026-10-07 02:37:30,830 [DEBUG   ] scrapers.books_scraper – [Books] 26 records so far in 'Historical Fiction'
2026-10-07 02:37:31,831 [INFO    ] scrapers.books_scraper – [Books] Category 'Sequential Art' – page 1: https://books.toscrape.com/catalogue/category/books/sequential-art_5/index.html
2026-10-07 02:37:32,102 [DEBUG   ] urllib3.connectionpool – https://books.toscrape.com:443 "GET /catalogue/category/books/sequential-art_5/index.html HTTP/1.1" 200 51455
2026-10-07 02:37:32,800 [DEBUG   ] scrapers.books_scraper – [Books] 20 records so far in 'Sequential Art'
2026-10-07 02:37:33,801 [INFO    ] scrapers.books_scraper – [Books] Category 'Sequential Art' – page 2: https://books.toscrape.com/catalogue/category/books/sequential-art_5/page-2.html
2026-10-07 02:37:34,099 [DEBUG   ] urllib3.connectionpool – https://books.toscrape.com:443 "GET /catalogue/category/books/sequential-art_5/page-2.html HTTP/1.1" 200 51165
2026-10-07 02:37:34,687 [DEBUG   ] scrapers.books_scraper – [Books] 40 records so far in 'Sequential Art'
2026-10-07 02:37:35,689 [INFO    ] scrapers.books_scraper – [Books] Category 'Sequential Art' – page 3: https://books.toscrape.com/catalogue/category/books/sequential-art_5/page-3.html
2026-10-07 02:37:36,046 [DEBUG   ] urllib3.connectionpool – https://books.toscrape.com:443 "GET /catalogue/category/books/sequential-art_5/page-3.html HTTP/1.1" 200 51392
2026-10-07 02:37:36,643 [DEBUG   ] scrapers.books_scraper – [Books] 60 records so far in 'Sequential Art'
2026-10-07 02:37:37,644 [INFO    ] scrapers.books_scraper – [Books] Category 'Sequential Art' – page 4: https://books.toscrape.com/catalogue/category/books/sequential-art_5/page-4.html
2026-10-07 02:37:37,979 [DEBUG   ] urllib3.connectionpool – https://books.toscrape.com:443 "GET /catalogue/category/books/sequential-art_5/page-4.html HTTP/1.1" 200 43840
2026-10-07 02:37:38,325 [DEBUG   ] scrapers.books_scraper – [Books] 75 records so far in 'Sequential Art'
2026-10-07 02:37:39,326 [INFO    ] scrapers.books_scraper – [Books] Category 'Classics' – page 1: https://books.toscrape.com/catalogue/category/books/classics_6/index.html
2026-10-07 02:37:39,615 [DEBUG   ] urllib3.connectionpool – https://books.toscrape.com:443 "GET /catalogue/category/books/classics_6/index.html HTTP/1.1" 200 47874
2026-10-07 02:37:40,187 [DEBUG   ] scrapers.books_scraper – [Books] 19 records so far in 'Classics'
2026-10-07 02:37:41,188 [INFO    ] scrapers.books_scraper – [Books] Category 'Philosophy' – page 1: https://books.toscrape.com/catalogue/category/books/philosophy_7/index.html
2026-10-07 02:37:41,457 [DEBUG   ] urllib3.connectionpool – https://books.toscrape.com:443 "GET /catalogue/category/books/philosophy_7/index.html HTTP/1.1" 200 37032
2026-10-07 02:37:41,800 [DEBUG   ] scrapers.books_scraper – [Books] 11 records so far in 'Philosophy'
2026-10-07 02:37:42,801 [INFO    ] scrapers.books_scraper – [Books] Category 'Romance' – page 1: https://books.toscrape.com/catalogue/category/books/romance_8/index.html
2026-10-07 02:37:43,108 [DEBUG   ] urllib3.connectionpool – https://books.toscrape.com:443 "GET /catalogue/category/books/romance_8/index.html HTTP/1.1" 200 50397
2026-10-07 02:37:43,762 [DEBUG   ] scrapers.books_scraper – [Books] 20 records so far in 'Romance'
2026-10-07 02:37:44,763 [INFO    ] scrapers.books_scraper – [Books] Category 'Romance' – page 2: https://books.toscrape.com/catalogue/category/books/romance_8/page-2.html
2026-10-07 02:37:45,056 [DEBUG   ] urllib3.connectionpool – https://books.toscrape.com:443 "GET /catalogue/category/books/romance_8/page-2.html HTTP/1.1" 200 42636
2026-10-07 02:37:45,406 [DEBUG   ] scrapers.books_scraper – [Books] 35 records so far in 'Romance'
2026-10-07 02:37:46,407 [INFO    ] scrapers.books_scraper – [Books] Category 'Womens Fiction' – page 1: https://books.toscrape.com/catalogue/category/books/womens-fiction_9/index.html
2026-10-07 02:37:46,681 [DEBUG   ] urllib3.connectionpool – https://books.toscrape.com:443 "GET /catalogue/category/books/womens-fiction_9/index.html HTTP/1.1" 200 45308
2026-10-07 02:37:47,264 [DEBUG   ] scrapers.books_scraper – [Books] 17 records so far in 'Womens Fiction'
2026-10-07 02:37:48,265 [INFO    ] scrapers.books_scraper – [Books] Category 'Fiction' – page 1: https://books.toscrape.com/catalogue/category/books/fiction_10/index.html
2026-10-07 02:37:48,528 [DEBUG   ] urllib3.connectionpool – https://books.toscrape.com:443 "GET /catalogue/category/books/fiction_10/index.html HTTP/1.1" 200 49677
2026-10-07 02:37:49,128 [DEBUG   ] scrapers.books_scraper – [Books] 20 records so far in 'Fiction'
2026-10-07 02:37:50,130 [INFO    ] scrapers.books_scraper – [Books] Category 'Fiction' – page 2: https://books.toscrape.com/catalogue/category/books/fiction_10/page-2.html
2026-10-07 02:37:50,471 [DEBUG   ] urllib3.connectionpool – https://books.toscrape.com:443 "GET /catalogue/category/books/fiction_10/page-2.html HTTP/1.1" 200 49510
2026-10-07 02:37:51,029 [DEBUG   ] scrapers.books_scraper – [Books] 40 records so far in 'Fiction'
2026-10-07 02:37:52,031 [INFO    ] scrapers.books_scraper – [Books] Category 'Fiction' – page 3: https://books.toscrape.com/catalogue/category/books/fiction_10/page-3.html
2026-10-07 02:37:52,313 [DEBUG   ] urllib3.connectionpool – https://books.toscrape.com:443 "GET /catalogue/category/books/fiction_10/page-3.html HTTP/1.1" 200 49453
2026-10-07 02:37:52,978 [DEBUG   ] scrapers.books_scraper – [Books] 60 records so far in 'Fiction'
2026-10-07 02:37:53,985 [INFO    ] scrapers.books_scraper – [Books] Category 'Fiction' – page 4: https://books.toscrape.com/catalogue/category/books/fiction_10/page-4.html
2026-10-07 02:37:54,362 [DEBUG   ] urllib3.connectionpool – https://books.toscrape.com:443 "GET /catalogue/category/books/fiction_10/page-4.html HTTP/1.1" 200 27424
2026-10-07 02:37:54,694 [DEBUG   ] scrapers.books_scraper – [Books] 65 records so far in 'Fiction'
2026-10-07 02:37:55,695 [INFO    ] scrapers.books_scraper – [Books] Category 'Childrens' – page 1: https://books.toscrape.com/catalogue/category/books/childrens_11/index.html
2026-10-07 02:37:56,002 [DEBUG   ] urllib3.connectionpool – https://books.toscrape.com:443 "GET /catalogue/category/books/childrens_11/index.html HTTP/1.1" 200 49864
2026-10-07 02:37:56,660 [DEBUG   ] scrapers.books_scraper – [Books] 20 records so far in 'Childrens'
2026-10-07 02:37:57,665 [INFO    ] scrapers.books_scraper – [Books] Category 'Childrens' – page 2: https://books.toscrape.com/catalogue/category/books/childrens_11/page-2.html
2026-10-07 02:37:57,946 [DEBUG   ] urllib3.connectionpool – https://books.toscrape.com:443 "GET /catalogue/category/books/childrens_11/page-2.html HTTP/1.1" 200 33788
2026-10-07 02:37:58,287 [DEBUG   ] scrapers.books_scraper – [Books] 29 records so far in 'Childrens'
2026-10-07 02:37:59,288 [INFO    ] scrapers.books_scraper – [Books] Category 'Religion' – page 1: https://books.toscrape.com/catalogue/category/books/religion_12/index.html
2026-10-07 02:37:59,677 [DEBUG   ] urllib3.connectionpool – https://books.toscrape.com:443 "GET /catalogue/category/books/religion_12/index.html HTTP/1.1" 200 30933
2026-10-07 02:37:59,967 [DEBUG   ] scrapers.books_scraper – [Books] 7 records so far in 'Religion'
2026-10-07 02:38:00,967 [INFO    ] scrapers.books_scraper – [Books] Category 'Nonfiction' – page 1: https://books.toscrape.com/catalogue/category/books/nonfiction_13/index.html
2026-10-07 02:38:01,325 [DEBUG   ] urllib3.connectionpool – https://books.toscrape.com:443 "GET /catalogue/category/books/nonfiction_13/index.html HTTP/1.1" 200 52725
2026-10-07 02:38:01,890 [DEBUG   ] scrapers.books_scraper – [Books] 20 records so far in 'Nonfiction'
2026-10-07 02:38:02,891 [INFO    ] scrapers.books_scraper – [Books] Category 'Nonfiction' – page 2: https://books.toscrape.com/catalogue/category/books/nonfiction_13/page-2.html
2026-10-07 02:38:03,168 [DEBUG   ] urllib3.connectionpool – https://books.toscrape.com:443 "GET /catalogue/category/books/nonfiction_13/page-2.html HTTP/1.1" 200 52464
2026-10-07 02:38:03,820 [DEBUG   ] scrapers.books_scraper – [Books] 40 records so far in 'Nonfiction'
2026-10-07 02:38:04,822 [INFO    ] scrapers.books_scraper – [Books] Category 'Nonfiction' – page 3: https://books.toscrape.com/catalogue/category/books/nonfiction_13/page-3.html
2026-10-07 02:38:05,116 [DEBUG   ] urllib3.connectionpool – https://books.toscrape.com:443 "GET /catalogue/category/books/nonfiction_13/page-3.html HTTP/1.1" 200 52401
2026-10-07 02:38:05,460 [DEBUG   ] scrapers.books_scraper – [Books] 60 records so far in 'Nonfiction'
2026-10-07 02:38:06,464 [INFO    ] scrapers.books_scraper – [Books] Category 'Nonfiction' – page 4: https://books.toscrape.com/catalogue/category/books/nonfiction_13/page-4.html
2026-10-07 02:38:06,752 [DEBUG   ] urllib3.connectionpool – https://books.toscrape.com:443 "GET /catalogue/category/books/nonfiction_13/page-4.html HTTP/1.1" 200 52538
2026-10-07 02:38:07,419 [DEBUG   ] scrapers.books_scraper – [Books] 80 records so far in 'Nonfiction'
2026-10-07 02:38:08,421 [INFO    ] scrapers.books_scraper – [Books] Category 'Nonfiction' – page 5: https://books.toscrape.com/catalogue/category/books/nonfiction_13/page-5.html
2026-10-07 02:38:08,803 [DEBUG   ] urllib3.connectionpool – https://books.toscrape.com:443 "GET /catalogue/category/books/nonfiction_13/page-5.html HTTP/1.1" 200 52115
2026-10-07 02:38:09,150 [DEBUG   ] scrapers.books_scraper – [Books] 100 records so far in 'Nonfiction'
2026-10-07 02:38:10,152 [INFO    ] scrapers.books_scraper – [Books] Category 'Nonfiction' – page 6: https://books.toscrape.com/catalogue/category/books/nonfiction_13/page-6.html
2026-10-07 02:38:10,415 [DEBUG   ] urllib3.connectionpool – https://books.toscrape.com:443 "GET /catalogue/category/books/nonfiction_13/page-6.html HTTP/1.1" 200 35365
2026-10-07 02:38:10,780 [DEBUG   ] scrapers.books_scraper – [Books] 110 records so far in 'Nonfiction'
2026-10-07 02:38:11,781 [INFO    ] scrapers.books_scraper – [Books] Category 'Music' – page 1: https://books.toscrape.com/catalogue/category/books/music_14/index.html
2026-10-07 02:38:12,048 [DEBUG   ] urllib3.connectionpool – https://books.toscrape.com:443 "GET /catalogue/category/books/music_14/index.html HTTP/1.1" 200 40193
2026-10-07 02:38:12,353 [DEBUG   ] scrapers.books_scraper – [Books] 13 records so far in 'Music'
2026-10-07 02:38:13,354 [INFO    ] scrapers.books_scraper – [Books] Category 'Default' – page 1: https://books.toscrape.com/catalogue/category/books/default_15/index.html
2026-10-07 02:38:13,653 [DEBUG   ] urllib3.connectionpool – https://books.toscrape.com:443 "GET /catalogue/category/books/default_15/index.html HTTP/1.1" 200 51474
2026-10-07 02:38:14,269 [DEBUG   ] scrapers.books_scraper – [Books] 20 records so far in 'Default'
2026-10-07 02:38:15,271 [INFO    ] scrapers.books_scraper – [Books] Category 'Default' – page 2: https://books.toscrape.com/catalogue/category/books/default_15/page-2.html
2026-10-07 02:38:15,565 [DEBUG   ] urllib3.connectionpool – https://books.toscrape.com:443 "GET /catalogue/category/books/default_15/page-2.html HTTP/1.1" 200 50858
2026-10-07 02:38:16,219 [DEBUG   ] scrapers.books_scraper – [Books] 40 records so far in 'Default'
2026-10-07 02:38:17,220 [INFO    ] scrapers.books_scraper – [Books] Category 'Default' – page 3: https://books.toscrape.com/catalogue/category/books/default_15/page-3.html
2026-10-07 02:38:17,504 [DEBUG   ] urllib3.connectionpool – https://books.toscrape.com:443 "GET /catalogue/category/books/default_15/page-3.html HTTP/1.1" 200 50824
2026-10-07 02:38:18,168 [DEBUG   ] scrapers.books_scraper – [Books] 60 records so far in 'Default'
2026-10-07 02:38:19,169 [INFO    ] scrapers.books_scraper – [Books] Category 'Default' – page 4: https://books.toscrape.com/catalogue/category/books/default_15/page-4.html
2026-10-07 02:38:19,470 [DEBUG   ] urllib3.connectionpool – https://books.toscrape.com:443 "GET /catalogue/category/books/default_15/page-4.html HTTP/1.1" 200 51222
2026-10-07 02:38:20,127 [DEBUG   ] scrapers.books_scraper – [Books] 80 records so far in 'Default'
2026-10-07 02:38:21,128 [INFO    ] scrapers.books_scraper – [Books] Category 'Default' – page 5: https://books.toscrape.com/catalogue/category/books/default_15/page-5.html
2026-10-07 02:38:21,426 [DEBUG   ] urllib3.connectionpool – https://books.toscrape.com:443 "GET /catalogue/category/books/default_15/page-5.html HTTP/1.1" 200 51027
2026-10-07 02:38:22,055 [DEBUG   ] scrapers.books_scraper – [Books] 100 records so far in 'Default'
2026-10-07 02:38:23,058 [INFO    ] scrapers.books_scraper – [Books] Category 'Default' – page 6: https://books.toscrape.com/catalogue/category/books/default_15/page-6.html
2026-10-07 02:38:23,316 [DEBUG   ] urllib3.connectionpool – https://books.toscrape.com:443 "GET /catalogue/category/books/default_15/page-6.html HTTP/1.1" 200 50328
2026-10-07 02:38:23,899 [DEBUG   ] scrapers.books_scraper – [Books] 120 records so far in 'Default'
2026-10-07 02:38:24,900 [INFO    ] scrapers.books_scraper – [Books] Category 'Default' – page 7: https://books.toscrape.com/catalogue/category/books/default_15/page-7.html
2026-10-07 02:38:25,184 [DEBUG   ] urllib3.connectionpool – https://books.toscrape.com:443 "GET /catalogue/category/books/default_15/page-7.html HTTP/1.1" 200 50668
2026-10-07 02:38:25,842 [DEBUG   ] scrapers.books_scraper – [Books] 140 records so far in 'Default'
2026-10-07 02:38:26,843 [INFO    ] scrapers.books_scraper – [Books] Category 'Default' – page 8: https://books.toscrape.com/catalogue/category/books/default_15/page-8.html
2026-10-07 02:38:27,132 [DEBUG   ] urllib3.connectionpool – https://books.toscrape.com:443 "GET /catalogue/category/books/default_15/page-8.html HTTP/1.1" 200 37911
2026-10-07 02:38:27,469 [DEBUG   ] scrapers.books_scraper – [Books] 152 records so far in 'Default'
2026-10-07 02:38:28,470 [INFO    ] scrapers.books_scraper – [Books] Category 'Science Fiction' – page 1: https://books.toscrape.com/catalogue/category/books/science-fiction_16/index.html
2026-10-07 02:38:28,772 [DEBUG   ] urllib3.connectionpool – https://books.toscrape.com:443 "GET /catalogue/category/books/science-fiction_16/index.html HTTP/1.1" 200 44447
2026-10-07 02:38:29,417 [DEBUG   ] scrapers.books_scraper – [Books] 16 records so far in 'Science Fiction'
2026-10-07 02:38:30,418 [INFO    ] scrapers.books_scraper – [Books] Category 'Sports and Games' – page 1: https://books.toscrape.com/catalogue/category/books/sports-and-games_17/index.html
2026-10-07 02:38:30,678 [DEBUG   ] urllib3.connectionpool – https://books.toscrape.com:443 "GET /catalogue/category/books/sports-and-games_17/index.html HTTP/1.1" 200 27558
2026-10-07 02:38:30,958 [DEBUG   ] scrapers.books_scraper – [Books] 5 records so far in 'Sports and Games'
2026-10-07 02:38:31,959 [INFO    ] scrapers.books_scraper – [Books] Category 'Add a comment' – page 1: https://books.toscrape.com/catalogue/category/books/add-a-comment_18/index.html
2026-10-07 02:38:32,251 [DEBUG   ] urllib3.connectionpool – https://books.toscrape.com:443 "GET /catalogue/category/books/add-a-comment_18/index.html HTTP/1.1" 200 50931
2026-10-07 02:38:32,905 [DEBUG   ] scrapers.books_scraper – [Books] 20 records so far in 'Add a comment'
2026-10-07 02:38:33,906 [INFO    ] scrapers.books_scraper – [Books] Category 'Add a comment' – page 2: https://books.toscrape.com/catalogue/category/books/add-a-comment_18/page-2.html
2026-10-07 02:38:34,196 [DEBUG   ] urllib3.connectionpool – https://books.toscrape.com:443 "GET /catalogue/category/books/add-a-comment_18/page-2.html HTTP/1.1" 200 50119
2026-10-07 02:38:34,854 [DEBUG   ] scrapers.books_scraper – [Books] 40 records so far in 'Add a comment'
2026-10-07 02:38:35,855 [INFO    ] scrapers.books_scraper – [Books] Category 'Add a comment' – page 3: https://books.toscrape.com/catalogue/category/books/add-a-comment_18/page-3.html
2026-10-07 02:38:36,137 [DEBUG   ] urllib3.connectionpool – https://books.toscrape.com:443 "GET /catalogue/category/books/add-a-comment_18/page-3.html HTTP/1.1" 200 50992
2026-10-07 02:38:36,689 [DEBUG   ] scrapers.books_scraper – [Books] 60 records so far in 'Add a comment'
2026-10-07 02:38:37,690 [INFO    ] scrapers.books_scraper – [Books] Category 'Add a comment' – page 4: https://books.toscrape.com/catalogue/category/books/add-a-comment_18/page-4.html
2026-10-07 02:38:37,986 [DEBUG   ] urllib3.connectionpool – https://books.toscrape.com:443 "GET /catalogue/category/books/add-a-comment_18/page-4.html HTTP/1.1" 200 30297
2026-10-07 02:38:38,339 [DEBUG   ] scrapers.books_scraper – [Books] 67 records so far in 'Add a comment'
2026-10-07 02:38:39,340 [INFO    ] scrapers.books_scraper – [Books] Category 'Fantasy' – page 1: https://books.toscrape.com/catalogue/category/books/fantasy_19/index.html
2026-10-07 02:38:39,623 [DEBUG   ] urllib3.connectionpool – https://books.toscrape.com:443 "GET /catalogue/category/books/fantasy_19/index.html HTTP/1.1" 200 51248
2026-10-07 02:38:40,154 [DEBUG   ] scrapers.books_scraper – [Books] 20 records so far in 'Fantasy'
2026-10-07 02:38:41,154 [INFO    ] scrapers.books_scraper – [Books] Category 'Fantasy' – page 2: https://books.toscrape.com/catalogue/category/books/fantasy_19/page-2.html
2026-10-07 02:38:41,487 [DEBUG   ] urllib3.connectionpool – https://books.toscrape.com:443 "GET /catalogue/category/books/fantasy_19/page-2.html HTTP/1.1" 200 50831
2026-10-07 02:38:42,035 [DEBUG   ] scrapers.books_scraper – [Books] 40 records so far in 'Fantasy'
2026-10-07 02:38:43,037 [INFO    ] scrapers.books_scraper – [Books] Category 'Fantasy' – page 3: https://books.toscrape.com/catalogue/category/books/fantasy_19/page-3.html
2026-10-07 02:38:43,318 [DEBUG   ] urllib3.connectionpool – https://books.toscrape.com:443 "GET /catalogue/category/books/fantasy_19/page-3.html HTTP/1.1" 200 32210
2026-10-07 02:38:43,663 [DEBUG   ] scrapers.books_scraper – [Books] 48 records so far in 'Fantasy'
2026-10-07 02:38:44,665 [INFO    ] scrapers.books_scraper – [Books] Category 'New Adult' – page 1: https://books.toscrape.com/catalogue/category/books/new-adult_20/index.html
2026-10-07 02:38:45,071 [DEBUG   ] urllib3.connectionpool – https://books.toscrape.com:443 "GET /catalogue/category/books/new-adult_20/index.html HTTP/1.1" 200 28732
2026-10-07 02:38:45,344 [DEBUG   ] scrapers.books_scraper – [Books] 6 records so far in 'New Adult'
2026-10-07 02:38:46,350 [INFO    ] scrapers.books_scraper – [Books] Category 'Young Adult' – page 1: https://books.toscrape.com/catalogue/category/books/young-adult_21/index.html
2026-10-07 02:38:46,817 [DEBUG   ] urllib3.connectionpool – https://books.toscrape.com:443 "GET /catalogue/category/books/young-adult_21/index.html HTTP/1.1" 200 50167
2026-10-07 02:38:47,584 [DEBUG   ] scrapers.books_scraper – [Books] 20 records so far in 'Young Adult'
2026-10-07 02:38:48,585 [INFO    ] scrapers.books_scraper – [Books] Category 'Young Adult' – page 2: https://books.toscrape.com/catalogue/category/books/young-adult_21/page-2.html
2026-10-07 02:38:48,943 [DEBUG   ] urllib3.connectionpool – https://books.toscrape.com:443 "GET /catalogue/category/books/young-adult_21/page-2.html HTTP/1.1" 200 50268
2026-10-07 02:38:49,601 [DEBUG   ] scrapers.books_scraper – [Books] 40 records so far in 'Young Adult'
2026-10-07 02:38:50,602 [INFO    ] scrapers.books_scraper – [Books] Category 'Young Adult' – page 3: https://books.toscrape.com/catalogue/category/books/young-adult_21/page-3.html
2026-10-07 02:38:50,887 [DEBUG   ] urllib3.connectionpool – https://books.toscrape.com:443 "GET /catalogue/category/books/young-adult_21/page-3.html HTTP/1.1" 200 40893
2026-10-07 02:38:51,240 [DEBUG   ] scrapers.books_scraper – [Books] 54 records so far in 'Young Adult'
2026-10-07 02:38:52,241 [INFO    ] scrapers.books_scraper – [Books] Category 'Science' – page 1: https://books.toscrape.com/catalogue/category/books/science_22/index.html
2026-10-07 02:38:52,526 [DEBUG   ] urllib3.connectionpool – https://books.toscrape.com:443 "GET /catalogue/category/books/science_22/index.html HTTP/1.1" 200 42547
2026-10-07 02:38:53,206 [DEBUG   ] scrapers.books_scraper – [Books] 14 records so far in 'Science'
2026-10-07 02:38:54,208 [INFO    ] scrapers.books_scraper – [Books] Category 'Poetry' – page 1: https://books.toscrape.com/catalogue/category/books/poetry_23/index.html
2026-10-07 02:38:54,577 [DEBUG   ] urllib3.connectionpool – https://books.toscrape.com:443 "GET /catalogue/category/books/poetry_23/index.html HTTP/1.1" 200 48207
2026-10-07 02:38:55,227 [DEBUG   ] scrapers.books_scraper – [Books] 19 records so far in 'Poetry'
2026-10-07 02:38:56,228 [INFO    ] scrapers.books_scraper – [Books] Category 'Paranormal' – page 1: https://books.toscrape.com/catalogue/category/books/paranormal_24/index.html
2026-10-07 02:38:56,519 [DEBUG   ] urllib3.connectionpool – https://books.toscrape.com:443 "GET /catalogue/category/books/paranormal_24/index.html HTTP/1.1" 200 21385
2026-10-07 02:38:56,786 [DEBUG   ] scrapers.books_scraper – [Books] 1 records so far in 'Paranormal'
2026-10-07 02:38:57,786 [INFO    ] scrapers.books_scraper – [Books] Category 'Art' – page 1: https://books.toscrape.com/catalogue/category/books/art_25/index.html
2026-10-07 02:38:58,076 [DEBUG   ] urllib3.connectionpool – https://books.toscrape.com:443 "GET /catalogue/category/books/art_25/index.html HTTP/1.1" 200 31769
2026-10-07 02:38:58,385 [DEBUG   ] scrapers.books_scraper – [Books] 8 records so far in 'Art'
2026-10-07 02:38:59,386 [INFO    ] scrapers.books_scraper – [Books] Category 'Psychology' – page 1: https://books.toscrape.com/catalogue/category/books/psychology_26/index.html
2026-10-07 02:38:59,717 [DEBUG   ] urllib3.connectionpool – https://books.toscrape.com:443 "GET /catalogue/category/books/psychology_26/index.html HTTP/1.1" 200 30968
2026-10-07 02:39:00,154 [DEBUG   ] scrapers.books_scraper – [Books] 7 records so far in 'Psychology'
2026-10-07 02:39:01,155 [INFO    ] scrapers.books_scraper – [Books] Category 'Autobiography' – page 1: https://books.toscrape.com/catalogue/category/books/autobiography_27/index.html
2026-10-07 02:39:01,536 [DEBUG   ] urllib3.connectionpool – https://books.toscrape.com:443 "GET /catalogue/category/books/autobiography_27/index.html HTTP/1.1" 200 33034
2026-10-07 02:39:01,818 [DEBUG   ] scrapers.books_scraper – [Books] 9 records so far in 'Autobiography'
2026-10-07 02:39:02,819 [INFO    ] scrapers.books_scraper – [Books] Category 'Parenting' – page 1: https://books.toscrape.com/catalogue/category/books/parenting_28/index.html
2026-10-07 02:39:03,176 [DEBUG   ] urllib3.connectionpool – https://books.toscrape.com:443 "GET /catalogue/category/books/parenting_28/index.html HTTP/1.1" 200 21492
2026-10-07 02:39:03,494 [DEBUG   ] scrapers.books_scraper – [Books] 1 records so far in 'Parenting'
2026-10-07 02:39:04,495 [INFO    ] scrapers.books_scraper – [Books] Category 'Adult Fiction' – page 1: https://books.toscrape.com/catalogue/category/books/adult-fiction_29/index.html
2026-10-07 02:39:04,817 [DEBUG   ] urllib3.connectionpool – https://books.toscrape.com:443 "GET /catalogue/category/books/adult-fiction_29/index.html HTTP/1.1" 200 21377
2026-10-07 02:39:05,145 [DEBUG   ] scrapers.books_scraper – [Books] 1 records so far in 'Adult Fiction'
2026-10-07 02:39:06,147 [INFO    ] scrapers.books_scraper – [Books] Category 'Humor' – page 1: https://books.toscrape.com/catalogue/category/books/humor_30/index.html
2026-10-07 02:39:06,421 [DEBUG   ] urllib3.connectionpool – https://books.toscrape.com:443 "GET /catalogue/category/books/humor_30/index.html HTTP/1.1" 200 35542
2026-10-07 02:39:06,802 [DEBUG   ] scrapers.books_scraper – [Books] 10 records so far in 'Humor'
2026-10-07 02:39:07,803 [INFO    ] scrapers.books_scraper – [Books] Category 'Horror' – page 1: https://books.toscrape.com/catalogue/category/books/horror_31/index.html
2026-10-07 02:39:08,090 [DEBUG   ] urllib3.connectionpool – https://books.toscrape.com:443 "GET /catalogue/category/books/horror_31/index.html HTTP/1.1" 200 44510
2026-10-07 02:39:08,763 [DEBUG   ] scrapers.books_scraper – [Books] 17 records so far in 'Horror'
2026-10-07 02:39:09,764 [INFO    ] scrapers.books_scraper – [Books] Category 'History' – page 1: https://books.toscrape.com/catalogue/category/books/history_32/index.html
2026-10-07 02:39:10,035 [DEBUG   ] urllib3.connectionpool – https://books.toscrape.com:443 "GET /catalogue/category/books/history_32/index.html HTTP/1.1" 200 49302
2026-10-07 02:39:10,712 [DEBUG   ] scrapers.books_scraper – [Books] 18 records so far in 'History'
2026-10-07 02:39:11,714 [INFO    ] scrapers.books_scraper – [Books] Category 'Food and Drink' – page 1: https://books.toscrape.com/catalogue/category/books/food-and-drink_33/index.html
2026-10-07 02:39:11,993 [DEBUG   ] urllib3.connectionpool – https://books.toscrape.com:443 "GET /catalogue/category/books/food-and-drink_33/index.html HTTP/1.1" 200 54124
2026-10-07 02:39:12,632 [DEBUG   ] scrapers.books_scraper – [Books] 20 records so far in 'Food and Drink'
2026-10-07 02:39:13,632 [INFO    ] scrapers.books_scraper – [Books] Category 'Food and Drink' – page 2: https://books.toscrape.com/catalogue/category/books/food-and-drink_33/page-2.html
2026-10-07 02:39:13,957 [DEBUG   ] urllib3.connectionpool – https://books.toscrape.com:443 "GET /catalogue/category/books/food-and-drink_33/page-2.html HTTP/1.1" 200 36510
2026-10-07 02:39:14,242 [DEBUG   ] scrapers.books_scraper – [Books] 30 records so far in 'Food and Drink'
2026-10-07 02:39:15,243 [INFO    ] scrapers.books_scraper – [Books] Category 'Christian Fiction' – page 1: https://books.toscrape.com/catalogue/category/books/christian-fiction_34/index.html
2026-10-07 02:39:15,585 [DEBUG   ] urllib3.connectionpool – https://books.toscrape.com:443 "GET /catalogue/category/books/christian-fiction_34/index.html HTTP/1.1" 200 28767
2026-10-07 02:39:16,019 [DEBUG   ] scrapers.books_scraper – [Books] 6 records so far in 'Christian Fiction'
2026-10-07 02:39:17,023 [INFO    ] scrapers.books_scraper – [Books] Category 'Business' – page 1: https://books.toscrape.com/catalogue/category/books/business_35/index.html
2026-10-07 02:39:17,428 [DEBUG   ] urllib3.connectionpool – https://books.toscrape.com:443 "GET /catalogue/category/books/business_35/index.html HTTP/1.1" 200 39006
2026-10-07 02:39:17,780 [DEBUG   ] scrapers.books_scraper – [Books] 12 records so far in 'Business'
2026-10-07 02:39:18,782 [INFO    ] scrapers.books_scraper – [Books] Category 'Biography' – page 1: https://books.toscrape.com/catalogue/category/books/biography_36/index.html
2026-10-07 02:39:19,048 [DEBUG   ] urllib3.connectionpool – https://books.toscrape.com:443 "GET /catalogue/category/books/biography_36/index.html HTTP/1.1" 200 27988
2026-10-07 02:39:19,375 [DEBUG   ] scrapers.books_scraper – [Books] 5 records so far in 'Biography'
2026-10-07 02:39:20,376 [INFO    ] scrapers.books_scraper – [Books] Category 'Thriller' – page 1: https://books.toscrape.com/catalogue/category/books/thriller_37/index.html
2026-10-07 02:39:20,725 [DEBUG   ] urllib3.connectionpool – https://books.toscrape.com:443 "GET /catalogue/category/books/thriller_37/index.html HTTP/1.1" 200 36067
2026-10-07 02:39:21,165 [DEBUG   ] scrapers.books_scraper – [Books] 11 records so far in 'Thriller'
2026-10-07 02:39:22,168 [INFO    ] scrapers.books_scraper – [Books] Category 'Contemporary' – page 1: https://books.toscrape.com/catalogue/category/books/contemporary_38/index.html
2026-10-07 02:39:22,440 [DEBUG   ] urllib3.connectionpool – https://books.toscrape.com:443 "GET /catalogue/category/books/contemporary_38/index.html HTTP/1.1" 200 24345
2026-10-07 02:39:22,715 [DEBUG   ] scrapers.books_scraper – [Books] 3 records so far in 'Contemporary'
2026-10-07 02:39:23,717 [INFO    ] scrapers.books_scraper – [Books] Category 'Spirituality' – page 1: https://books.toscrape.com/catalogue/category/books/spirituality_39/index.html
2026-10-07 02:39:24,086 [DEBUG   ] urllib3.connectionpool – https://books.toscrape.com:443 "GET /catalogue/category/books/spirituality_39/index.html HTTP/1.1" 200 29649
2026-10-07 02:39:24,417 [DEBUG   ] scrapers.books_scraper – [Books] 6 records so far in 'Spirituality'
2026-10-07 02:39:25,418 [INFO    ] scrapers.books_scraper – [Books] Category 'Academic' – page 1: https://books.toscrape.com/catalogue/category/books/academic_40/index.html
2026-10-07 02:39:25,715 [DEBUG   ] urllib3.connectionpool – https://books.toscrape.com:443 "GET /catalogue/category/books/academic_40/index.html HTTP/1.1" 200 21359
2026-10-07 02:39:26,027 [DEBUG   ] scrapers.books_scraper – [Books] 1 records so far in 'Academic'
2026-10-07 02:39:27,028 [INFO    ] scrapers.books_scraper – [Books] Category 'Self Help' – page 1: https://books.toscrape.com/catalogue/category/books/self-help_41/index.html
2026-10-07 02:39:27,342 [DEBUG   ] urllib3.connectionpool – https://books.toscrape.com:443 "GET /catalogue/category/books/self-help_41/index.html HTTP/1.1" 200 27997
2026-10-07 02:39:27,633 [DEBUG   ] scrapers.books_scraper – [Books] 5 records so far in 'Self Help'
2026-10-07 02:39:28,634 [INFO    ] scrapers.books_scraper – [Books] Category 'Historical' – page 1: https://books.toscrape.com/catalogue/category/books/historical_42/index.html
2026-10-07 02:39:28,999 [DEBUG   ] urllib3.connectionpool – https://books.toscrape.com:443 "GET /catalogue/category/books/historical_42/index.html HTTP/1.1" 200 22924
2026-10-07 02:39:29,311 [DEBUG   ] scrapers.books_scraper – [Books] 2 records so far in 'Historical'
2026-10-07 02:39:30,312 [INFO    ] scrapers.books_scraper – [Books] Category 'Christian' – page 1: https://books.toscrape.com/catalogue/category/books/christian_43/index.html
2026-10-07 02:39:30,592 [DEBUG   ] urllib3.connectionpool – https://books.toscrape.com:443 "GET /catalogue/category/books/christian_43/index.html HTTP/1.1" 200 24662
2026-10-07 02:39:31,188 [DEBUG   ] scrapers.books_scraper – [Books] 3 records so far in 'Christian'
2026-10-07 02:39:32,189 [INFO    ] scrapers.books_scraper – [Books] Category 'Suspense' – page 1: https://books.toscrape.com/catalogue/category/books/suspense_44/index.html
2026-10-07 02:39:32,571 [DEBUG   ] urllib3.connectionpool – https://books.toscrape.com:443 "GET /catalogue/category/books/suspense_44/index.html HTTP/1.1" 200 21362
2026-10-07 02:39:32,928 [DEBUG   ] scrapers.books_scraper – [Books] 1 records so far in 'Suspense'
2026-10-07 02:39:33,930 [INFO    ] scrapers.books_scraper – [Books] Category 'Short Stories' – page 1: https://books.toscrape.com/catalogue/category/books/short-stories_45/index.html
2026-10-07 02:39:34,305 [DEBUG   ] urllib3.connectionpool – https://books.toscrape.com:443 "GET /catalogue/category/books/short-stories_45/index.html HTTP/1.1" 200 21264
2026-10-07 02:39:34,626 [DEBUG   ] scrapers.books_scraper – [Books] 1 records so far in 'Short Stories'
2026-10-07 02:39:35,627 [INFO    ] scrapers.books_scraper – [Books] Category 'Novels' – page 1: https://books.toscrape.com/catalogue/category/books/novels_46/index.html
2026-10-07 02:39:35,894 [DEBUG   ] urllib3.connectionpool – https://books.toscrape.com:443 "GET /catalogue/category/books/novels_46/index.html HTTP/1.1" 200 21456
2026-10-07 02:39:36,272 [DEBUG   ] scrapers.books_scraper – [Books] 1 records so far in 'Novels'
2026-10-07 02:39:37,274 [INFO    ] scrapers.books_scraper – [Books] Category 'Health' – page 1: https://books.toscrape.com/catalogue/category/books/health_47/index.html
2026-10-07 02:39:37,583 [DEBUG   ] urllib3.connectionpool – https://books.toscrape.com:443 "GET /catalogue/category/books/health_47/index.html HTTP/1.1" 200 26240
2026-10-07 02:39:37,919 [DEBUG   ] scrapers.books_scraper – [Books] 4 records so far in 'Health'
2026-10-07 02:39:38,920 [INFO    ] scrapers.books_scraper – [Books] Category 'Politics' – page 1: https://books.toscrape.com/catalogue/category/books/politics_48/index.html
2026-10-07 02:39:39,219 [DEBUG   ] urllib3.connectionpool – https://books.toscrape.com:443 "GET /catalogue/category/books/politics_48/index.html HTTP/1.1" 200 24717
2026-10-07 02:39:39,561 [DEBUG   ] scrapers.books_scraper – [Books] 3 records so far in 'Politics'
2026-10-07 02:39:40,562 [INFO    ] scrapers.books_scraper – [Books] Category 'Cultural' – page 1: https://books.toscrape.com/catalogue/category/books/cultural_49/index.html
2026-10-07 02:39:40,862 [DEBUG   ] urllib3.connectionpool – https://books.toscrape.com:443 "GET /catalogue/category/books/cultural_49/index.html HTTP/1.1" 200 21269
2026-10-07 02:39:41,182 [DEBUG   ] scrapers.books_scraper – [Books] 1 records so far in 'Cultural'
2026-10-07 02:39:42,183 [INFO    ] scrapers.books_scraper – [Books] Category 'Erotica' – page 1: https://books.toscrape.com/catalogue/category/books/erotica_50/index.html
2026-10-07 02:39:42,508 [DEBUG   ] urllib3.connectionpool – https://books.toscrape.com:443 "GET /catalogue/category/books/erotica_50/index.html HTTP/1.1" 200 21248
2026-10-07 02:39:42,825 [DEBUG   ] scrapers.books_scraper – [Books] 1 records so far in 'Erotica'
2026-10-07 02:39:43,826 [INFO    ] scrapers.books_scraper – [Books] Category 'Crime' – page 1: https://books.toscrape.com/catalogue/category/books/crime_51/index.html
2026-10-07 02:39:44,136 [DEBUG   ] urllib3.connectionpool – https://books.toscrape.com:443 "GET /catalogue/category/books/crime_51/index.html HTTP/1.1" 200 21493
2026-10-07 02:39:44,468 [DEBUG   ] scrapers.books_scraper – [Books] 1 records so far in 'Crime'
2026-10-07 02:39:45,469 [INFO    ] scrapers.books_scraper – [Books] Finished. 1000 raw records collected.
2026-10-07 02:39:45,471 [INFO    ] main – Books raw records: 1000
2026-10-07 02:39:45,472 [INFO    ] scrapers.quotes_scraper – [Quotes] Starting scrape …
2026-10-07 02:39:45,472 [INFO    ] scrapers.quotes_scraper – [Quotes] Page 1: https://quotes.toscrape.com/
2026-10-07 02:39:45,473 [DEBUG   ] urllib3.connectionpool – Starting new HTTPS connection (1): quotes.toscrape.com:443
2026-10-07 02:39:46,388 [DEBUG   ] urllib3.connectionpool – https://quotes.toscrape.com:443 "GET / HTTP/1.1" 200 11064
2026-10-07 02:39:46,714 [DEBUG   ] scrapers.quotes_scraper – [Quotes] 10 records so far.
2026-10-07 02:39:47,715 [INFO    ] scrapers.quotes_scraper – [Quotes] Page 2: https://quotes.toscrape.com/page/2/
2026-10-07 02:39:48,031 [DEBUG   ] urllib3.connectionpool – https://quotes.toscrape.com:443 "GET /page/2/ HTTP/1.1" 200 13745
2026-10-07 02:39:48,349 [DEBUG   ] scrapers.quotes_scraper – [Quotes] 20 records so far.
2026-10-07 02:39:49,350 [INFO    ] scrapers.quotes_scraper – [Quotes] Page 3: https://quotes.toscrape.com/page/3/
2026-10-07 02:39:49,666 [DEBUG   ] urllib3.connectionpool – https://quotes.toscrape.com:443 "GET /page/3/ HTTP/1.1" 200 10029
2026-10-07 02:39:49,690 [DEBUG   ] scrapers.quotes_scraper – [Quotes] 30 records so far.
2026-10-07 02:39:50,691 [INFO    ] scrapers.quotes_scraper – [Quotes] Page 4: https://quotes.toscrape.com/page/4/
2026-10-07 02:39:50,957 [DEBUG   ] urllib3.connectionpool – https://quotes.toscrape.com:443 "GET /page/4/ HTTP/1.1" 200 10325
2026-10-07 02:39:50,982 [DEBUG   ] scrapers.quotes_scraper – [Quotes] 40 records so far.
2026-10-07 02:39:51,988 [INFO    ] scrapers.quotes_scraper – [Quotes] Page 5: https://quotes.toscrape.com/page/5/
2026-10-07 02:39:52,328 [DEBUG   ] urllib3.connectionpool – https://quotes.toscrape.com:443 "GET /page/5/ HTTP/1.1" 200 10012
2026-10-07 02:39:52,348 [DEBUG   ] scrapers.quotes_scraper – [Quotes] 50 records so far.
2026-10-07 02:39:53,349 [INFO    ] scrapers.quotes_scraper – [Quotes] Page 6: https://quotes.toscrape.com/page/6/
2026-10-07 02:39:53,661 [DEBUG   ] urllib3.connectionpool – https://quotes.toscrape.com:443 "GET /page/6/ HTTP/1.1" 200 10416
2026-10-07 02:39:53,683 [DEBUG   ] scrapers.quotes_scraper – [Quotes] 60 records so far.
2026-10-07 02:39:54,684 [INFO    ] scrapers.quotes_scraper – [Quotes] Page 7: https://quotes.toscrape.com/page/7/
2026-10-07 02:39:54,956 [DEBUG   ] urllib3.connectionpool – https://quotes.toscrape.com:443 "GET /page/7/ HTTP/1.1" 200 10722
2026-10-07 02:39:54,979 [DEBUG   ] scrapers.quotes_scraper – [Quotes] 70 records so far.
2026-10-07 02:39:55,981 [INFO    ] scrapers.quotes_scraper – [Quotes] Page 8: https://quotes.toscrape.com/page/8/
2026-10-07 02:39:56,321 [DEBUG   ] urllib3.connectionpool – https://quotes.toscrape.com:443 "GET /page/8/ HTTP/1.1" 200 11393
2026-10-07 02:39:56,338 [DEBUG   ] scrapers.quotes_scraper – [Quotes] 80 records so far.
2026-10-07 02:39:57,340 [INFO    ] scrapers.quotes_scraper – [Quotes] Page 9: https://quotes.toscrape.com/page/9/
2026-10-07 02:39:57,639 [DEBUG   ] urllib3.connectionpool – https://quotes.toscrape.com:443 "GET /page/9/ HTTP/1.1" 200 11022
2026-10-07 02:39:57,659 [DEBUG   ] scrapers.quotes_scraper – [Quotes] 90 records so far.
2026-10-07 02:39:58,660 [INFO    ] scrapers.quotes_scraper – [Quotes] Page 10: https://quotes.toscrape.com/page/10/
2026-10-07 02:39:58,985 [DEBUG   ] urllib3.connectionpool – https://quotes.toscrape.com:443 "GET /page/10/ HTTP/1.1" 200 9943
2026-10-07 02:39:59,002 [DEBUG   ] scrapers.quotes_scraper – [Quotes] 100 records so far.
2026-10-07 02:39:59,002 [INFO    ] scrapers.quotes_scraper – [Quotes] Finished. 100 raw records collected.
2026-10-07 02:39:59,005 [INFO    ] main – Quotes raw records: 100
2026-10-07 02:39:59,006 [INFO    ] main – Total raw records: 1100
2026-10-07 02:39:59,006 [INFO    ] main – STEP 2 – Cleaning …
2026-10-07 02:39:59,047 [INFO    ] main – Records after cleaning: 1100
2026-10-07 02:39:59,048 [INFO    ] main – STEP 3 – Validating …
2026-10-07 02:39:59,059 [INFO    ] processing.validation – Validation complete – valid: 1100  rejected: 0
2026-10-07 02:39:59,059 [INFO    ] main – Valid: 1100  Rejected: 0
2026-10-07 02:39:59,059 [INFO    ] main – STEP 4 – Deduplicating …
2026-10-07 02:39:59,069 [DEBUG   ] processing.deduplication – Duplicate detected (key=('books to scrape', 'the star-touched queen')) at record index 707 (first seen at index 700)
2026-10-07 02:39:59,091 [INFO    ] processing.deduplication – Deduplication complete – unique: 1099  duplicates removed: 1
2026-10-07 02:39:59,092 [INFO    ] main – Unique: 1099  Duplicates removed: 1
2026-10-07 02:39:59,092 [INFO    ] main – STEP 5 – Writing outputs …
2026-10-07 02:39:59,102 [INFO    ] main – CSV written to C:\Users\anamd\Desktop\Web_Scrapping\output\final_dataset.csv (1099 records).
2026-10-07 02:39:59,103 [INFO    ] main – Summary written to C:\Users\anamd\Desktop\Web_Scrapping\output\summary_report.json.
2026-10-07 02:39:59,104 [INFO    ] main – ============================================================
2026-10-07 02:39:59,104 [INFO    ] main – Pipeline complete in 156.72 s.
2026-10-07 02:39:59,104 [INFO    ] main – Final records:        1099
2026-10-07 02:39:59,104 [INFO    ] main – Duplicates removed:   1
2026-10-07 02:39:59,104 [INFO    ] main – Rejected (invalid):   0
2026-10-07 02:39:59,104 [INFO    ] main – Output CSV:           C:\Users\anamd\Desktop\Web_Scrapping\output\final_dataset.csv
2026-10-07 02:39:59,104 [INFO    ] main – Summary report:       C:\Users\anamd\Desktop\Web_Scrapping\output\summary_report.json
2026-10-07 02:39:59,105 [INFO    ] main – Log file:             C:\Users\anamd\Desktop\Web_Scrapping\logs\scrape_20261006_210722.log
2026-10-07 02:39:59,105 [INFO    ] main – ============================================================
