2026-10-07 03:31:41,708 [INFO    ] main – ============================================================
2026-10-07 03:31:41,709 [INFO    ] main – Pipeline started at 2026-10-06T22:01:41.709127+00:00
2026-10-07 03:31:41,709 [INFO    ] main – ============================================================
2026-10-07 03:31:41,709 [INFO    ] main – STEP 1 – Scraping …
2026-10-07 03:31:41,710 [INFO    ] scrapers.books_scraper – [Books] Starting scrape …
2026-10-07 03:31:41,714 [DEBUG   ] urllib3.connectionpool – Starting new HTTPS connection (1): books.toscrape.com:443
2026-10-07 03:31:42,725 [DEBUG   ] urllib3.connectionpool – https://books.toscrape.com:443 "GET / HTTP/1.1" 200 51294
2026-10-07 03:31:43,275 [INFO    ] scrapers.books_scraper – [Books] Found 50 categories.
2026-10-07 03:31:43,275 [INFO    ] scrapers.books_scraper – [Books] Category 'Travel' – page 1: https://books.toscrape.com/catalogue/category/books/travel_2/index.html
2026-10-07 03:31:43,637 [DEBUG   ] urllib3.connectionpool – https://books.toscrape.com:443 "GET /catalogue/category/books/travel_2/index.html HTTP/1.1" 200 37009
2026-10-07 03:31:43,658 [DEBUG   ] scrapers.books_scraper – [Books] 11 records so far in 'Travel'
2026-10-07 03:31:44,658 [INFO    ] scrapers.books_scraper – [Books] Category 'Mystery' – page 1: https://books.toscrape.com/catalogue/category/books/mystery_3/index.html
2026-10-07 03:31:45,009 [DEBUG   ] urllib3.connectionpool – https://books.toscrape.com:443 "GET /catalogue/category/books/mystery_3/index.html HTTP/1.1" 200 50388
2026-10-07 03:31:45,368 [DEBUG   ] scrapers.books_scraper – [Books] 20 records so far in 'Mystery'
2026-10-07 03:31:46,368 [INFO    ] scrapers.books_scraper – [Books] Category 'Mystery' – page 2: https://books.toscrape.com/catalogue/category/books/mystery_3/page-2.html
2026-10-07 03:31:46,622 [DEBUG   ] urllib3.connectionpool – https://books.toscrape.com:443 "GET /catalogue/category/books/mystery_3/page-2.html HTTP/1.1" 200 38533
2026-10-07 03:31:46,901 [DEBUG   ] scrapers.books_scraper – [Books] 32 records so far in 'Mystery'
2026-10-07 03:31:47,901 [INFO    ] scrapers.books_scraper – [Books] Category 'Historical Fiction' – page 1: https://books.toscrape.com/catalogue/category/books/historical-fiction_4/index.html
2026-10-07 03:31:48,155 [DEBUG   ] urllib3.connectionpool – https://books.toscrape.com:443 "GET /catalogue/category/books/historical-fiction_4/index.html HTTP/1.1" 200 50109
2026-10-07 03:31:48,683 [DEBUG   ] scrapers.books_scraper – [Books] 20 records so far in 'Historical Fiction'
2026-10-07 03:31:49,683 [INFO    ] scrapers.books_scraper – [Books] Category 'Historical Fiction' – page 2: https://books.toscrape.com/catalogue/category/books/historical-fiction_4/page-2.html
2026-10-07 03:31:49,935 [DEBUG   ] urllib3.connectionpool – https://books.toscrape.com:443 "GET /catalogue/category/books/historical-fiction_4/page-2.html HTTP/1.1" 200 29015
2026-10-07 03:31:50,213 [DEBUG   ] scrapers.books_scraper – [Books] 26 records so far in 'Historical Fiction'
2026-10-07 03:31:51,214 [INFO    ] scrapers.books_scraper – [Books] Category 'Sequential Art' – page 1: https://books.toscrape.com/catalogue/category/books/sequential-art_5/index.html
2026-10-07 03:31:51,481 [DEBUG   ] urllib3.connectionpool – https://books.toscrape.com:443 "GET /catalogue/category/books/sequential-art_5/index.html HTTP/1.1" 200 51455
2026-10-07 03:31:52,110 [DEBUG   ] scrapers.books_scraper – [Books] 20 records so far in 'Sequential Art'
2026-10-07 03:31:53,110 [INFO    ] scrapers.books_scraper – [Books] Category 'Sequential Art' – page 2: https://books.toscrape.com/catalogue/category/books/sequential-art_5/page-2.html
2026-10-07 03:31:53,416 [DEBUG   ] urllib3.connectionpool – https://books.toscrape.com:443 "GET /catalogue/category/books/sequential-art_5/page-2.html HTTP/1.1" 200 51165
2026-10-07 03:31:54,076 [DEBUG   ] scrapers.books_scraper – [Books] 40 records so far in 'Sequential Art'
2026-10-07 03:31:55,077 [INFO    ] scrapers.books_scraper – [Books] Category 'Sequential Art' – page 3: https://books.toscrape.com/catalogue/category/books/sequential-art_5/page-3.html
2026-10-07 03:31:55,385 [DEBUG   ] urllib3.connectionpool – https://books.toscrape.com:443 "GET /catalogue/category/books/sequential-art_5/page-3.html HTTP/1.1" 200 51392
2026-10-07 03:31:55,942 [DEBUG   ] scrapers.books_scraper – [Books] 60 records so far in 'Sequential Art'
2026-10-07 03:31:56,943 [INFO    ] scrapers.books_scraper – [Books] Category 'Sequential Art' – page 4: https://books.toscrape.com/catalogue/category/books/sequential-art_5/page-4.html
2026-10-07 03:31:57,205 [DEBUG   ] urllib3.connectionpool – https://books.toscrape.com:443 "GET /catalogue/category/books/sequential-art_5/page-4.html HTTP/1.1" 200 43840
2026-10-07 03:31:57,476 [DEBUG   ] scrapers.books_scraper – [Books] 75 records so far in 'Sequential Art'
2026-10-07 03:31:58,477 [INFO    ] scrapers.books_scraper – [Books] Category 'Classics' – page 1: https://books.toscrape.com/catalogue/category/books/classics_6/index.html
2026-10-07 03:31:58,740 [DEBUG   ] urllib3.connectionpool – https://books.toscrape.com:443 "GET /catalogue/category/books/classics_6/index.html HTTP/1.1" 200 47874
2026-10-07 03:31:59,353 [DEBUG   ] scrapers.books_scraper – [Books] 19 records so far in 'Classics'
2026-10-07 03:32:00,354 [INFO    ] scrapers.books_scraper – [Books] Category 'Philosophy' – page 1: https://books.toscrape.com/catalogue/category/books/philosophy_7/index.html
2026-10-07 03:32:00,685 [DEBUG   ] urllib3.connectionpool – https://books.toscrape.com:443 "GET /catalogue/category/books/philosophy_7/index.html HTTP/1.1" 200 37032
2026-10-07 03:32:01,018 [DEBUG   ] scrapers.books_scraper – [Books] 11 records so far in 'Philosophy'
2026-10-07 03:32:02,019 [INFO    ] scrapers.books_scraper – [Books] Category 'Romance' – page 1: https://books.toscrape.com/catalogue/category/books/romance_8/index.html
2026-10-07 03:32:02,338 [DEBUG   ] urllib3.connectionpool – https://books.toscrape.com:443 "GET /catalogue/category/books/romance_8/index.html HTTP/1.1" 200 50397
2026-10-07 03:32:03,036 [DEBUG   ] scrapers.books_scraper – [Books] 20 records so far in 'Romance'
2026-10-07 03:32:04,036 [INFO    ] scrapers.books_scraper – [Books] Category 'Romance' – page 2: https://books.toscrape.com/catalogue/category/books/romance_8/page-2.html
2026-10-07 03:32:04,369 [DEBUG   ] urllib3.connectionpool – https://books.toscrape.com:443 "GET /catalogue/category/books/romance_8/page-2.html HTTP/1.1" 200 42636
2026-10-07 03:32:04,711 [DEBUG   ] scrapers.books_scraper – [Books] 35 records so far in 'Romance'
2026-10-07 03:32:05,713 [INFO    ] scrapers.books_scraper – [Books] Category 'Womens Fiction' – page 1: https://books.toscrape.com/catalogue/category/books/womens-fiction_9/index.html
2026-10-07 03:32:06,012 [DEBUG   ] urllib3.connectionpool – https://books.toscrape.com:443 "GET /catalogue/category/books/womens-fiction_9/index.html HTTP/1.1" 200 45308
2026-10-07 03:32:06,641 [DEBUG   ] scrapers.books_scraper – [Books] 17 records so far in 'Womens Fiction'
2026-10-07 03:32:07,642 [INFO    ] scrapers.books_scraper – [Books] Category 'Fiction' – page 1: https://books.toscrape.com/catalogue/category/books/fiction_10/index.html
2026-10-07 03:32:07,948 [DEBUG   ] urllib3.connectionpool – https://books.toscrape.com:443 "GET /catalogue/category/books/fiction_10/index.html HTTP/1.1" 200 49677
2026-10-07 03:32:08,597 [DEBUG   ] scrapers.books_scraper – [Books] 20 records so far in 'Fiction'
2026-10-07 03:32:09,598 [INFO    ] scrapers.books_scraper – [Books] Category 'Fiction' – page 2: https://books.toscrape.com/catalogue/category/books/fiction_10/page-2.html
2026-10-07 03:32:09,893 [DEBUG   ] urllib3.connectionpool – https://books.toscrape.com:443 "GET /catalogue/category/books/fiction_10/page-2.html HTTP/1.1" 200 49510
2026-10-07 03:32:10,540 [DEBUG   ] scrapers.books_scraper – [Books] 40 records so far in 'Fiction'
2026-10-07 03:32:11,558 [INFO    ] scrapers.books_scraper – [Books] Category 'Fiction' – page 3: https://books.toscrape.com/catalogue/category/books/fiction_10/page-3.html
2026-10-07 03:32:11,940 [DEBUG   ] urllib3.connectionpool – https://books.toscrape.com:443 "GET /catalogue/category/books/fiction_10/page-3.html HTTP/1.1" 200 49453
2026-10-07 03:32:12,558 [DEBUG   ] scrapers.books_scraper – [Books] 60 records so far in 'Fiction'
2026-10-07 03:32:13,559 [INFO    ] scrapers.books_scraper – [Books] Category 'Fiction' – page 4: https://books.toscrape.com/catalogue/category/books/fiction_10/page-4.html
2026-10-07 03:32:13,845 [DEBUG   ] urllib3.connectionpool – https://books.toscrape.com:443 "GET /catalogue/category/books/fiction_10/page-4.html HTTP/1.1" 200 27424
2026-10-07 03:32:14,231 [DEBUG   ] scrapers.books_scraper – [Books] 65 records so far in 'Fiction'
2026-10-07 03:32:15,248 [INFO    ] scrapers.books_scraper – [Books] Category 'Childrens' – page 1: https://books.toscrape.com/catalogue/category/books/childrens_11/index.html
2026-10-07 03:32:15,537 [DEBUG   ] urllib3.connectionpool – https://books.toscrape.com:443 "GET /catalogue/category/books/childrens_11/index.html HTTP/1.1" 200 49864
2026-10-07 03:32:16,172 [DEBUG   ] scrapers.books_scraper – [Books] 20 records so far in 'Childrens'
2026-10-07 03:32:17,172 [INFO    ] scrapers.books_scraper – [Books] Category 'Childrens' – page 2: https://books.toscrape.com/catalogue/category/books/childrens_11/page-2.html
2026-10-07 03:32:17,470 [DEBUG   ] urllib3.connectionpool – https://books.toscrape.com:443 "GET /catalogue/category/books/childrens_11/page-2.html HTTP/1.1" 200 33788
2026-10-07 03:32:17,813 [DEBUG   ] scrapers.books_scraper – [Books] 29 records so far in 'Childrens'
2026-10-07 03:32:18,813 [INFO    ] scrapers.books_scraper – [Books] Category 'Religion' – page 1: https://books.toscrape.com/catalogue/category/books/religion_12/index.html
2026-10-07 03:32:19,116 [DEBUG   ] urllib3.connectionpool – https://books.toscrape.com:443 "GET /catalogue/category/books/religion_12/index.html HTTP/1.1" 200 30933
2026-10-07 03:32:19,435 [DEBUG   ] scrapers.books_scraper – [Books] 7 records so far in 'Religion'
2026-10-07 03:32:20,436 [INFO    ] scrapers.books_scraper – [Books] Category 'Nonfiction' – page 1: https://books.toscrape.com/catalogue/category/books/nonfiction_13/index.html
2026-10-07 03:32:20,747 [DEBUG   ] urllib3.connectionpool – https://books.toscrape.com:443 "GET /catalogue/category/books/nonfiction_13/index.html HTTP/1.1" 200 52725
2026-10-07 03:32:21,408 [DEBUG   ] scrapers.books_scraper – [Books] 20 records so far in 'Nonfiction'
2026-10-07 03:32:22,410 [INFO    ] scrapers.books_scraper – [Books] Category 'Nonfiction' – page 2: https://books.toscrape.com/catalogue/category/books/nonfiction_13/page-2.html
2026-10-07 03:32:22,704 [DEBUG   ] urllib3.connectionpool – https://books.toscrape.com:443 "GET /catalogue/category/books/nonfiction_13/page-2.html HTTP/1.1" 200 52464
2026-10-07 03:32:23,366 [DEBUG   ] scrapers.books_scraper – [Books] 40 records so far in 'Nonfiction'
2026-10-07 03:32:24,368 [INFO    ] scrapers.books_scraper – [Books] Category 'Nonfiction' – page 3: https://books.toscrape.com/catalogue/category/books/nonfiction_13/page-3.html
2026-10-07 03:32:24,741 [DEBUG   ] urllib3.connectionpool – https://books.toscrape.com:443 "GET /catalogue/category/books/nonfiction_13/page-3.html HTTP/1.1" 200 52401
2026-10-07 03:32:25,342 [DEBUG   ] scrapers.books_scraper – [Books] 60 records so far in 'Nonfiction'
2026-10-07 03:32:26,343 [INFO    ] scrapers.books_scraper – [Books] Category 'Nonfiction' – page 4: https://books.toscrape.com/catalogue/category/books/nonfiction_13/page-4.html
2026-10-07 03:32:26,598 [DEBUG   ] urllib3.connectionpool – https://books.toscrape.com:443 "GET /catalogue/category/books/nonfiction_13/page-4.html HTTP/1.1" 200 52538
2026-10-07 03:32:27,180 [DEBUG   ] scrapers.books_scraper – [Books] 80 records so far in 'Nonfiction'
2026-10-07 03:32:28,181 [INFO    ] scrapers.books_scraper – [Books] Category 'Nonfiction' – page 5: https://books.toscrape.com/catalogue/category/books/nonfiction_13/page-5.html
2026-10-07 03:32:28,529 [DEBUG   ] urllib3.connectionpool – https://books.toscrape.com:443 "GET /catalogue/category/books/nonfiction_13/page-5.html HTTP/1.1" 200 52115
2026-10-07 03:32:28,874 [DEBUG   ] scrapers.books_scraper – [Books] 100 records so far in 'Nonfiction'
2026-10-07 03:32:29,875 [INFO    ] scrapers.books_scraper – [Books] Category 'Nonfiction' – page 6: https://books.toscrape.com/catalogue/category/books/nonfiction_13/page-6.html
2026-10-07 03:32:30,172 [DEBUG   ] urllib3.connectionpool – https://books.toscrape.com:443 "GET /catalogue/category/books/nonfiction_13/page-6.html HTTP/1.1" 200 35365
2026-10-07 03:32:30,519 [DEBUG   ] scrapers.books_scraper – [Books] 110 records so far in 'Nonfiction'
2026-10-07 03:32:31,520 [INFO    ] scrapers.books_scraper – [Books] Category 'Music' – page 1: https://books.toscrape.com/catalogue/category/books/music_14/index.html
2026-10-07 03:32:31,812 [DEBUG   ] urllib3.connectionpool – https://books.toscrape.com:443 "GET /catalogue/category/books/music_14/index.html HTTP/1.1" 200 40193
2026-10-07 03:32:32,150 [DEBUG   ] scrapers.books_scraper – [Books] 13 records so far in 'Music'
2026-10-07 03:32:33,151 [INFO    ] scrapers.books_scraper – [Books] Category 'Default' – page 1: https://books.toscrape.com/catalogue/category/books/default_15/index.html
2026-10-07 03:32:33,448 [DEBUG   ] urllib3.connectionpool – https://books.toscrape.com:443 "GET /catalogue/category/books/default_15/index.html HTTP/1.1" 200 51474
2026-10-07 03:32:34,092 [DEBUG   ] scrapers.books_scraper – [Books] 20 records so far in 'Default'
2026-10-07 03:32:35,093 [INFO    ] scrapers.books_scraper – [Books] Category 'Default' – page 2: https://books.toscrape.com/catalogue/category/books/default_15/page-2.html
2026-10-07 03:32:35,392 [DEBUG   ] urllib3.connectionpool – https://books.toscrape.com:443 "GET /catalogue/category/books/default_15/page-2.html HTTP/1.1" 200 50858
2026-10-07 03:32:36,063 [DEBUG   ] scrapers.books_scraper – [Books] 40 records so far in 'Default'
2026-10-07 03:32:37,063 [INFO    ] scrapers.books_scraper – [Books] Category 'Default' – page 3: https://books.toscrape.com/catalogue/category/books/default_15/page-3.html
2026-10-07 03:32:37,440 [DEBUG   ] urllib3.connectionpool – https://books.toscrape.com:443 "GET /catalogue/category/books/default_15/page-3.html HTTP/1.1" 200 50824
2026-10-07 03:32:38,106 [DEBUG   ] scrapers.books_scraper – [Books] 60 records so far in 'Default'
2026-10-07 03:32:39,107 [INFO    ] scrapers.books_scraper – [Books] Category 'Default' – page 4: https://books.toscrape.com/catalogue/category/books/default_15/page-4.html
2026-10-07 03:32:39,374 [DEBUG   ] urllib3.connectionpool – https://books.toscrape.com:443 "GET /catalogue/category/books/default_15/page-4.html HTTP/1.1" 200 51222
2026-10-07 03:32:39,935 [DEBUG   ] scrapers.books_scraper – [Books] 80 records so far in 'Default'
2026-10-07 03:32:40,936 [INFO    ] scrapers.books_scraper – [Books] Category 'Default' – page 5: https://books.toscrape.com/catalogue/category/books/default_15/page-5.html
2026-10-07 03:32:41,233 [DEBUG   ] urllib3.connectionpool – https://books.toscrape.com:443 "GET /catalogue/category/books/default_15/page-5.html HTTP/1.1" 200 51027
2026-10-07 03:32:41,887 [DEBUG   ] scrapers.books_scraper – [Books] 100 records so far in 'Default'
2026-10-07 03:32:42,888 [INFO    ] scrapers.books_scraper – [Books] Category 'Default' – page 6: https://books.toscrape.com/catalogue/category/books/default_15/page-6.html
2026-10-07 03:32:43,196 [DEBUG   ] urllib3.connectionpool – https://books.toscrape.com:443 "GET /catalogue/category/books/default_15/page-6.html HTTP/1.1" 200 50328
2026-10-07 03:32:43,735 [DEBUG   ] scrapers.books_scraper – [Books] 120 records so far in 'Default'
2026-10-07 03:32:44,736 [INFO    ] scrapers.books_scraper – [Books] Category 'Default' – page 7: https://books.toscrape.com/catalogue/category/books/default_15/page-7.html
2026-10-07 03:32:45,016 [DEBUG   ] urllib3.connectionpool – https://books.toscrape.com:443 "GET /catalogue/category/books/default_15/page-7.html HTTP/1.1" 200 50668
2026-10-07 03:32:45,653 [DEBUG   ] scrapers.books_scraper – [Books] 140 records so far in 'Default'
2026-10-07 03:32:46,654 [INFO    ] scrapers.books_scraper – [Books] Category 'Default' – page 8: https://books.toscrape.com/catalogue/category/books/default_15/page-8.html
2026-10-07 03:32:46,962 [DEBUG   ] urllib3.connectionpool – https://books.toscrape.com:443 "GET /catalogue/category/books/default_15/page-8.html HTTP/1.1" 200 37911
2026-10-07 03:32:47,309 [DEBUG   ] scrapers.books_scraper – [Books] 152 records so far in 'Default'
2026-10-07 03:32:48,310 [INFO    ] scrapers.books_scraper – [Books] Category 'Science Fiction' – page 1: https://books.toscrape.com/catalogue/category/books/science-fiction_16/index.html
2026-10-07 03:32:48,603 [DEBUG   ] urllib3.connectionpool – https://books.toscrape.com:443 "GET /catalogue/category/books/science-fiction_16/index.html HTTP/1.1" 200 44447
2026-10-07 03:32:49,260 [DEBUG   ] scrapers.books_scraper – [Books] 16 records so far in 'Science Fiction'
2026-10-07 03:32:50,261 [INFO    ] scrapers.books_scraper – [Books] Category 'Sports and Games' – page 1: https://books.toscrape.com/catalogue/category/books/sports-and-games_17/index.html
2026-10-07 03:32:50,547 [DEBUG   ] urllib3.connectionpool – https://books.toscrape.com:443 "GET /catalogue/category/books/sports-and-games_17/index.html HTTP/1.1" 200 27558
2026-10-07 03:32:50,881 [DEBUG   ] scrapers.books_scraper – [Books] 5 records so far in 'Sports and Games'
2026-10-07 03:32:51,882 [INFO    ] scrapers.books_scraper – [Books] Category 'Add a comment' – page 1: https://books.toscrape.com/catalogue/category/books/add-a-comment_18/index.html
2026-10-07 03:32:52,189 [DEBUG   ] urllib3.connectionpool – https://books.toscrape.com:443 "GET /catalogue/category/books/add-a-comment_18/index.html HTTP/1.1" 200 50931
2026-10-07 03:32:52,846 [DEBUG   ] scrapers.books_scraper – [Books] 20 records so far in 'Add a comment'
2026-10-07 03:32:53,848 [INFO    ] scrapers.books_scraper – [Books] Category 'Add a comment' – page 2: https://books.toscrape.com/catalogue/category/books/add-a-comment_18/page-2.html
2026-10-07 03:32:54,131 [DEBUG   ] urllib3.connectionpool – https://books.toscrape.com:443 "GET /catalogue/category/books/add-a-comment_18/page-2.html HTTP/1.1" 200 50119
2026-10-07 03:32:54,780 [DEBUG   ] scrapers.books_scraper – [Books] 40 records so far in 'Add a comment'
2026-10-07 03:32:55,783 [INFO    ] scrapers.books_scraper – [Books] Category 'Add a comment' – page 3: https://books.toscrape.com/catalogue/category/books/add-a-comment_18/page-3.html
2026-10-07 03:32:56,075 [DEBUG   ] urllib3.connectionpool – https://books.toscrape.com:443 "GET /catalogue/category/books/add-a-comment_18/page-3.html HTTP/1.1" 200 50992
2026-10-07 03:32:56,733 [DEBUG   ] scrapers.books_scraper – [Books] 60 records so far in 'Add a comment'
2026-10-07 03:32:57,733 [INFO    ] scrapers.books_scraper – [Books] Category 'Add a comment' – page 4: https://books.toscrape.com/catalogue/category/books/add-a-comment_18/page-4.html
2026-10-07 03:32:57,996 [DEBUG   ] urllib3.connectionpool – https://books.toscrape.com:443 "GET /catalogue/category/books/add-a-comment_18/page-4.html HTTP/1.1" 200 30297
2026-10-07 03:32:58,260 [DEBUG   ] scrapers.books_scraper – [Books] 67 records so far in 'Add a comment'
2026-10-07 03:32:59,261 [INFO    ] scrapers.books_scraper – [Books] Category 'Fantasy' – page 1: https://books.toscrape.com/catalogue/category/books/fantasy_19/index.html
2026-10-07 03:32:59,528 [DEBUG   ] urllib3.connectionpool – https://books.toscrape.com:443 "GET /catalogue/category/books/fantasy_19/index.html HTTP/1.1" 200 51248
2026-10-07 03:33:00,114 [DEBUG   ] scrapers.books_scraper – [Books] 20 records so far in 'Fantasy'
2026-10-07 03:33:01,115 [INFO    ] scrapers.books_scraper – [Books] Category 'Fantasy' – page 2: https://books.toscrape.com/catalogue/category/books/fantasy_19/page-2.html
2026-10-07 03:33:01,402 [DEBUG   ] urllib3.connectionpool – https://books.toscrape.com:443 "GET /catalogue/category/books/fantasy_19/page-2.html HTTP/1.1" 200 50831
2026-10-07 03:33:02,056 [DEBUG   ] scrapers.books_scraper – [Books] 40 records so far in 'Fantasy'
2026-10-07 03:33:03,057 [INFO    ] scrapers.books_scraper – [Books] Category 'Fantasy' – page 3: https://books.toscrape.com/catalogue/category/books/fantasy_19/page-3.html
2026-10-07 03:33:03,348 [DEBUG   ] urllib3.connectionpool – https://books.toscrape.com:443 "GET /catalogue/category/books/fantasy_19/page-3.html HTTP/1.1" 200 32210
2026-10-07 03:33:03,688 [DEBUG   ] scrapers.books_scraper – [Books] 48 records so far in 'Fantasy'
2026-10-07 03:33:04,689 [INFO    ] scrapers.books_scraper – [Books] Category 'New Adult' – page 1: https://books.toscrape.com/catalogue/category/books/new-adult_20/index.html
2026-10-07 03:33:04,990 [DEBUG   ] urllib3.connectionpool – https://books.toscrape.com:443 "GET /catalogue/category/books/new-adult_20/index.html HTTP/1.1" 200 28732
2026-10-07 03:33:05,323 [DEBUG   ] scrapers.books_scraper – [Books] 6 records so far in 'New Adult'
2026-10-07 03:33:06,324 [INFO    ] scrapers.books_scraper – [Books] Category 'Young Adult' – page 1: https://books.toscrape.com/catalogue/category/books/young-adult_21/index.html
2026-10-07 03:33:06,626 [DEBUG   ] urllib3.connectionpool – https://books.toscrape.com:443 "GET /catalogue/category/books/young-adult_21/index.html HTTP/1.1" 200 50167
2026-10-07 03:33:07,290 [DEBUG   ] scrapers.books_scraper – [Books] 20 records so far in 'Young Adult'
2026-10-07 03:33:08,292 [INFO    ] scrapers.books_scraper – [Books] Category 'Young Adult' – page 2: https://books.toscrape.com/catalogue/category/books/young-adult_21/page-2.html
2026-10-07 03:33:08,570 [DEBUG   ] urllib3.connectionpool – https://books.toscrape.com:443 "GET /catalogue/category/books/young-adult_21/page-2.html HTTP/1.1" 200 50268
2026-10-07 03:33:09,219 [DEBUG   ] scrapers.books_scraper – [Books] 40 records so far in 'Young Adult'
2026-10-07 03:33:10,221 [INFO    ] scrapers.books_scraper – [Books] Category 'Young Adult' – page 3: https://books.toscrape.com/catalogue/category/books/young-adult_21/page-3.html
2026-10-07 03:33:10,517 [DEBUG   ] urllib3.connectionpool – https://books.toscrape.com:443 "GET /catalogue/category/books/young-adult_21/page-3.html HTTP/1.1" 200 40893
2026-10-07 03:33:10,873 [DEBUG   ] scrapers.books_scraper – [Books] 54 records so far in 'Young Adult'
2026-10-07 03:33:11,874 [INFO    ] scrapers.books_scraper – [Books] Category 'Science' – page 1: https://books.toscrape.com/catalogue/category/books/science_22/index.html
2026-10-07 03:33:12,156 [DEBUG   ] urllib3.connectionpool – https://books.toscrape.com:443 "GET /catalogue/category/books/science_22/index.html HTTP/1.1" 200 42547
2026-10-07 03:33:12,799 [DEBUG   ] scrapers.books_scraper – [Books] 14 records so far in 'Science'
2026-10-07 03:33:13,800 [INFO    ] scrapers.books_scraper – [Books] Category 'Poetry' – page 1: https://books.toscrape.com/catalogue/category/books/poetry_23/index.html
2026-10-07 03:33:14,100 [DEBUG   ] urllib3.connectionpool – https://books.toscrape.com:443 "GET /catalogue/category/books/poetry_23/index.html HTTP/1.1" 200 48207
2026-10-07 03:33:14,700 [DEBUG   ] scrapers.books_scraper – [Books] 19 records so far in 'Poetry'
2026-10-07 03:33:15,700 [INFO    ] scrapers.books_scraper – [Books] Category 'Paranormal' – page 1: https://books.toscrape.com/catalogue/category/books/paranormal_24/index.html
2026-10-07 03:33:16,061 [DEBUG   ] urllib3.connectionpool – https://books.toscrape.com:443 "GET /catalogue/category/books/paranormal_24/index.html HTTP/1.1" 200 21385
2026-10-07 03:33:16,319 [DEBUG   ] scrapers.books_scraper – [Books] 1 records so far in 'Paranormal'
2026-10-07 03:33:17,320 [INFO    ] scrapers.books_scraper – [Books] Category 'Art' – page 1: https://books.toscrape.com/catalogue/category/books/art_25/index.html
2026-10-07 03:33:17,581 [DEBUG   ] urllib3.connectionpool – https://books.toscrape.com:443 "GET /catalogue/category/books/art_25/index.html HTTP/1.1" 200 31769
2026-10-07 03:33:17,921 [DEBUG   ] scrapers.books_scraper – [Books] 8 records so far in 'Art'
2026-10-07 03:33:18,922 [INFO    ] scrapers.books_scraper – [Books] Category 'Psychology' – page 1: https://books.toscrape.com/catalogue/category/books/psychology_26/index.html
2026-10-07 03:33:19,232 [DEBUG   ] urllib3.connectionpool – https://books.toscrape.com:443 "GET /catalogue/category/books/psychology_26/index.html HTTP/1.1" 200 30968
2026-10-07 03:33:19,548 [DEBUG   ] scrapers.books_scraper – [Books] 7 records so far in 'Psychology'
2026-10-07 03:33:20,549 [INFO    ] scrapers.books_scraper – [Books] Category 'Autobiography' – page 1: https://books.toscrape.com/catalogue/category/books/autobiography_27/index.html
2026-10-07 03:33:20,856 [DEBUG   ] urllib3.connectionpool – https://books.toscrape.com:443 "GET /catalogue/category/books/autobiography_27/index.html HTTP/1.1" 200 33034
2026-10-07 03:33:21,150 [DEBUG   ] scrapers.books_scraper – [Books] 9 records so far in 'Autobiography'
2026-10-07 03:33:22,151 [INFO    ] scrapers.books_scraper – [Books] Category 'Parenting' – page 1: https://books.toscrape.com/catalogue/category/books/parenting_28/index.html
2026-10-07 03:33:22,496 [DEBUG   ] urllib3.connectionpool – https://books.toscrape.com:443 "GET /catalogue/category/books/parenting_28/index.html HTTP/1.1" 200 21492
2026-10-07 03:33:22,764 [DEBUG   ] scrapers.books_scraper – [Books] 1 records so far in 'Parenting'
2026-10-07 03:33:23,765 [INFO    ] scrapers.books_scraper – [Books] Category 'Adult Fiction' – page 1: https://books.toscrape.com/catalogue/category/books/adult-fiction_29/index.html
2026-10-07 03:33:24,036 [DEBUG   ] urllib3.connectionpool – https://books.toscrape.com:443 "GET /catalogue/category/books/adult-fiction_29/index.html HTTP/1.1" 200 21377
2026-10-07 03:33:24,356 [DEBUG   ] scrapers.books_scraper – [Books] 1 records so far in 'Adult Fiction'
2026-10-07 03:33:25,360 [INFO    ] scrapers.books_scraper – [Books] Category 'Humor' – page 1: https://books.toscrape.com/catalogue/category/books/humor_30/index.html
2026-10-07 03:33:25,669 [DEBUG   ] urllib3.connectionpool – https://books.toscrape.com:443 "GET /catalogue/category/books/humor_30/index.html HTTP/1.1" 200 35542
2026-10-07 03:33:25,997 [DEBUG   ] scrapers.books_scraper – [Books] 10 records so far in 'Humor'
2026-10-07 03:33:26,998 [INFO    ] scrapers.books_scraper – [Books] Category 'Horror' – page 1: https://books.toscrape.com/catalogue/category/books/horror_31/index.html
2026-10-07 03:33:27,325 [DEBUG   ] urllib3.connectionpool – https://books.toscrape.com:443 "GET /catalogue/category/books/horror_31/index.html HTTP/1.1" 200 44510
2026-10-07 03:33:27,933 [DEBUG   ] scrapers.books_scraper – [Books] 17 records so far in 'Horror'
2026-10-07 03:33:28,934 [INFO    ] scrapers.books_scraper – [Books] Category 'History' – page 1: https://books.toscrape.com/catalogue/category/books/history_32/index.html
2026-10-07 03:33:29,263 [DEBUG   ] urllib3.connectionpool – https://books.toscrape.com:443 "GET /catalogue/category/books/history_32/index.html HTTP/1.1" 200 49302
2026-10-07 03:33:29,912 [DEBUG   ] scrapers.books_scraper – [Books] 18 records so far in 'History'
2026-10-07 03:33:30,913 [INFO    ] scrapers.books_scraper – [Books] Category 'Food and Drink' – page 1: https://books.toscrape.com/catalogue/category/books/food-and-drink_33/index.html
2026-10-07 03:33:31,208 [DEBUG   ] urllib3.connectionpool – https://books.toscrape.com:443 "GET /catalogue/category/books/food-and-drink_33/index.html HTTP/1.1" 200 54124
2026-10-07 03:33:31,755 [DEBUG   ] scrapers.books_scraper – [Books] 20 records so far in 'Food and Drink'
2026-10-07 03:33:32,756 [INFO    ] scrapers.books_scraper – [Books] Category 'Food and Drink' – page 2: https://books.toscrape.com/catalogue/category/books/food-and-drink_33/page-2.html
2026-10-07 03:33:33,042 [DEBUG   ] urllib3.connectionpool – https://books.toscrape.com:443 "GET /catalogue/category/books/food-and-drink_33/page-2.html HTTP/1.1" 200 36510
2026-10-07 03:33:33,362 [DEBUG   ] scrapers.books_scraper – [Books] 30 records so far in 'Food and Drink'
2026-10-07 03:33:34,363 [INFO    ] scrapers.books_scraper – [Books] Category 'Christian Fiction' – page 1: https://books.toscrape.com/catalogue/category/books/christian-fiction_34/index.html
2026-10-07 03:33:34,681 [DEBUG   ] urllib3.connectionpool – https://books.toscrape.com:443 "GET /catalogue/category/books/christian-fiction_34/index.html HTTP/1.1" 200 28767
2026-10-07 03:33:35,005 [DEBUG   ] scrapers.books_scraper – [Books] 6 records so far in 'Christian Fiction'
2026-10-07 03:33:36,006 [INFO    ] scrapers.books_scraper – [Books] Category 'Business' – page 1: https://books.toscrape.com/catalogue/category/books/business_35/index.html
2026-10-07 03:33:36,342 [DEBUG   ] urllib3.connectionpool – https://books.toscrape.com:443 "GET /catalogue/category/books/business_35/index.html HTTP/1.1" 200 39006
2026-10-07 03:33:36,641 [DEBUG   ] scrapers.books_scraper – [Books] 12 records so far in 'Business'
2026-10-07 03:33:37,642 [INFO    ] scrapers.books_scraper – [Books] Category 'Biography' – page 1: https://books.toscrape.com/catalogue/category/books/biography_36/index.html
2026-10-07 03:33:37,959 [DEBUG   ] urllib3.connectionpool – https://books.toscrape.com:443 "GET /catalogue/category/books/biography_36/index.html HTTP/1.1" 200 27988
2026-10-07 03:33:38,278 [DEBUG   ] scrapers.books_scraper – [Books] 5 records so far in 'Biography'
2026-10-07 03:33:39,279 [INFO    ] scrapers.books_scraper – [Books] Category 'Thriller' – page 1: https://books.toscrape.com/catalogue/category/books/thriller_37/index.html
2026-10-07 03:33:39,565 [DEBUG   ] urllib3.connectionpool – https://books.toscrape.com:443 "GET /catalogue/category/books/thriller_37/index.html HTTP/1.1" 200 36067
2026-10-07 03:33:39,924 [DEBUG   ] scrapers.books_scraper – [Books] 11 records so far in 'Thriller'
2026-10-07 03:33:40,925 [INFO    ] scrapers.books_scraper – [Books] Category 'Contemporary' – page 1: https://books.toscrape.com/catalogue/category/books/contemporary_38/index.html
2026-10-07 03:33:41,253 [DEBUG   ] urllib3.connectionpool – https://books.toscrape.com:443 "GET /catalogue/category/books/contemporary_38/index.html HTTP/1.1" 200 24345
2026-10-07 03:33:41,554 [DEBUG   ] scrapers.books_scraper – [Books] 3 records so far in 'Contemporary'
2026-10-07 03:33:42,555 [INFO    ] scrapers.books_scraper – [Books] Category 'Spirituality' – page 1: https://books.toscrape.com/catalogue/category/books/spirituality_39/index.html
2026-10-07 03:33:42,880 [DEBUG   ] urllib3.connectionpool – https://books.toscrape.com:443 "GET /catalogue/category/books/spirituality_39/index.html HTTP/1.1" 200 29649
2026-10-07 03:33:43,198 [DEBUG   ] scrapers.books_scraper – [Books] 6 records so far in 'Spirituality'
2026-10-07 03:33:44,199 [INFO    ] scrapers.books_scraper – [Books] Category 'Academic' – page 1: https://books.toscrape.com/catalogue/category/books/academic_40/index.html
2026-10-07 03:33:44,512 [DEBUG   ] urllib3.connectionpool – https://books.toscrape.com:443 "GET /catalogue/category/books/academic_40/index.html HTTP/1.1" 200 21359
2026-10-07 03:33:44,830 [DEBUG   ] scrapers.books_scraper – [Books] 1 records so far in 'Academic'
2026-10-07 03:33:45,831 [INFO    ] scrapers.books_scraper – [Books] Category 'Self Help' – page 1: https://books.toscrape.com/catalogue/category/books/self-help_41/index.html
2026-10-07 03:33:46,124 [DEBUG   ] urllib3.connectionpool – https://books.toscrape.com:443 "GET /catalogue/category/books/self-help_41/index.html HTTP/1.1" 200 27997
2026-10-07 03:33:46,438 [DEBUG   ] scrapers.books_scraper – [Books] 5 records so far in 'Self Help'
2026-10-07 03:33:47,439 [INFO    ] scrapers.books_scraper – [Books] Category 'Historical' – page 1: https://books.toscrape.com/catalogue/category/books/historical_42/index.html
2026-10-07 03:33:47,791 [DEBUG   ] urllib3.connectionpool – https://books.toscrape.com:443 "GET /catalogue/category/books/historical_42/index.html HTTP/1.1" 200 22924
2026-10-07 03:33:48,132 [DEBUG   ] scrapers.books_scraper – [Books] 2 records so far in 'Historical'
2026-10-07 03:33:49,133 [INFO    ] scrapers.books_scraper – [Books] Category 'Christian' – page 1: https://books.toscrape.com/catalogue/category/books/christian_43/index.html
2026-10-07 03:33:49,446 [DEBUG   ] urllib3.connectionpool – https://books.toscrape.com:443 "GET /catalogue/category/books/christian_43/index.html HTTP/1.1" 200 24662
2026-10-07 03:33:49,762 [DEBUG   ] scrapers.books_scraper – [Books] 3 records so far in 'Christian'
2026-10-07 03:33:50,763 [INFO    ] scrapers.books_scraper – [Books] Category 'Suspense' – page 1: https://books.toscrape.com/catalogue/category/books/suspense_44/index.html
2026-10-07 03:33:51,064 [DEBUG   ] urllib3.connectionpool – https://books.toscrape.com:443 "GET /catalogue/category/books/suspense_44/index.html HTTP/1.1" 200 21362
2026-10-07 03:33:51,334 [DEBUG   ] scrapers.books_scraper – [Books] 1 records so far in 'Suspense'
2026-10-07 03:33:52,335 [INFO    ] scrapers.books_scraper – [Books] Category 'Short Stories' – page 1: https://books.toscrape.com/catalogue/category/books/short-stories_45/index.html
2026-10-07 03:33:52,706 [DEBUG   ] urllib3.connectionpool – https://books.toscrape.com:443 "GET /catalogue/category/books/short-stories_45/index.html HTTP/1.1" 200 21264
2026-10-07 03:33:52,988 [DEBUG   ] scrapers.books_scraper – [Books] 1 records so far in 'Short Stories'
2026-10-07 03:33:53,989 [INFO    ] scrapers.books_scraper – [Books] Category 'Novels' – page 1: https://books.toscrape.com/catalogue/category/books/novels_46/index.html
2026-10-07 03:33:54,342 [DEBUG   ] urllib3.connectionpool – https://books.toscrape.com:443 "GET /catalogue/category/books/novels_46/index.html HTTP/1.1" 200 21456
2026-10-07 03:33:54,606 [DEBUG   ] scrapers.books_scraper – [Books] 1 records so far in 'Novels'
2026-10-07 03:33:55,606 [INFO    ] scrapers.books_scraper – [Books] Category 'Health' – page 1: https://books.toscrape.com/catalogue/category/books/health_47/index.html
2026-10-07 03:33:55,979 [DEBUG   ] urllib3.connectionpool – https://books.toscrape.com:443 "GET /catalogue/category/books/health_47/index.html HTTP/1.1" 200 26240
2026-10-07 03:33:56,305 [DEBUG   ] scrapers.books_scraper – [Books] 4 records so far in 'Health'
2026-10-07 03:33:57,306 [INFO    ] scrapers.books_scraper – [Books] Category 'Politics' – page 1: https://books.toscrape.com/catalogue/category/books/politics_48/index.html
2026-10-07 03:33:57,575 [DEBUG   ] urllib3.connectionpool – https://books.toscrape.com:443 "GET /catalogue/category/books/politics_48/index.html HTTP/1.1" 200 24717
2026-10-07 03:33:57,844 [DEBUG   ] scrapers.books_scraper – [Books] 3 records so far in 'Politics'
2026-10-07 03:33:58,845 [INFO    ] scrapers.books_scraper – [Books] Category 'Cultural' – page 1: https://books.toscrape.com/catalogue/category/books/cultural_49/index.html
2026-10-07 03:33:59,155 [DEBUG   ] urllib3.connectionpool – https://books.toscrape.com:443 "GET /catalogue/category/books/cultural_49/index.html HTTP/1.1" 200 21269
2026-10-07 03:33:59,474 [DEBUG   ] scrapers.books_scraper – [Books] 1 records so far in 'Cultural'
2026-10-07 03:34:00,475 [INFO    ] scrapers.books_scraper – [Books] Category 'Erotica' – page 1: https://books.toscrape.com/catalogue/category/books/erotica_50/index.html
2026-10-07 03:34:00,793 [DEBUG   ] urllib3.connectionpool – https://books.toscrape.com:443 "GET /catalogue/category/books/erotica_50/index.html HTTP/1.1" 200 21248
2026-10-07 03:34:01,112 [DEBUG   ] scrapers.books_scraper – [Books] 1 records so far in 'Erotica'
2026-10-07 03:34:02,117 [INFO    ] scrapers.books_scraper – [Books] Category 'Crime' – page 1: https://books.toscrape.com/catalogue/category/books/crime_51/index.html
2026-10-07 03:34:02,432 [DEBUG   ] urllib3.connectionpool – https://books.toscrape.com:443 "GET /catalogue/category/books/crime_51/index.html HTTP/1.1" 200 21493
2026-10-07 03:34:02,754 [DEBUG   ] scrapers.books_scraper – [Books] 1 records so far in 'Crime'
2026-10-07 03:34:03,755 [INFO    ] scrapers.books_scraper – [Books] Finished. 1000 raw records collected.
2026-10-07 03:34:03,774 [INFO    ] main – Books raw records: 1000
2026-10-07 03:34:03,775 [INFO    ] scrapers.quotes_scraper – [Quotes] Starting scrape …
2026-10-07 03:34:03,775 [INFO    ] scrapers.quotes_scraper – [Quotes] Page 1: https://quotes.toscrape.com/
2026-10-07 03:34:03,776 [DEBUG   ] urllib3.connectionpool – Starting new HTTPS connection (1): quotes.toscrape.com:443
2026-10-07 03:34:04,789 [DEBUG   ] urllib3.connectionpool – https://quotes.toscrape.com:443 "GET / HTTP/1.1" 200 11064
2026-10-07 03:34:05,105 [DEBUG   ] scrapers.quotes_scraper – [Quotes] 10 records so far.
2026-10-07 03:34:06,106 [INFO    ] scrapers.quotes_scraper – [Quotes] Page 2: https://quotes.toscrape.com/page/2/
2026-10-07 03:34:06,428 [DEBUG   ] urllib3.connectionpool – https://quotes.toscrape.com:443 "GET /page/2/ HTTP/1.1" 200 13745
2026-10-07 03:34:06,748 [DEBUG   ] scrapers.quotes_scraper – [Quotes] 20 records so far.
2026-10-07 03:34:07,749 [INFO    ] scrapers.quotes_scraper – [Quotes] Page 3: https://quotes.toscrape.com/page/3/
2026-10-07 03:34:08,021 [DEBUG   ] urllib3.connectionpool – https://quotes.toscrape.com:443 "GET /page/3/ HTTP/1.1" 200 10029
2026-10-07 03:34:08,031 [DEBUG   ] scrapers.quotes_scraper – [Quotes] 30 records so far.
2026-10-07 03:34:09,032 [INFO    ] scrapers.quotes_scraper – [Quotes] Page 4: https://quotes.toscrape.com/page/4/
2026-10-07 03:34:09,397 [DEBUG   ] urllib3.connectionpool – https://quotes.toscrape.com:443 "GET /page/4/ HTTP/1.1" 200 10325
2026-10-07 03:34:09,405 [DEBUG   ] scrapers.quotes_scraper – [Quotes] 40 records so far.
2026-10-07 03:34:10,406 [INFO    ] scrapers.quotes_scraper – [Quotes] Page 5: https://quotes.toscrape.com/page/5/
2026-10-07 03:34:10,727 [DEBUG   ] urllib3.connectionpool – https://quotes.toscrape.com:443 "GET /page/5/ HTTP/1.1" 200 10012
2026-10-07 03:34:10,740 [DEBUG   ] scrapers.quotes_scraper – [Quotes] 50 records so far.
2026-10-07 03:34:11,741 [INFO    ] scrapers.quotes_scraper – [Quotes] Page 6: https://quotes.toscrape.com/page/6/
2026-10-07 03:34:12,057 [DEBUG   ] urllib3.connectionpool – https://quotes.toscrape.com:443 "GET /page/6/ HTTP/1.1" 200 10416
2026-10-07 03:34:12,067 [DEBUG   ] scrapers.quotes_scraper – [Quotes] 60 records so far.
2026-10-07 03:34:13,068 [INFO    ] scrapers.quotes_scraper – [Quotes] Page 7: https://quotes.toscrape.com/page/7/
2026-10-07 03:34:13,397 [DEBUG   ] urllib3.connectionpool – https://quotes.toscrape.com:443 "GET /page/7/ HTTP/1.1" 200 10722
2026-10-07 03:34:13,406 [DEBUG   ] scrapers.quotes_scraper – [Quotes] 70 records so far.
2026-10-07 03:34:14,406 [INFO    ] scrapers.quotes_scraper – [Quotes] Page 8: https://quotes.toscrape.com/page/8/
2026-10-07 03:34:14,691 [DEBUG   ] urllib3.connectionpool – https://quotes.toscrape.com:443 "GET /page/8/ HTTP/1.1" 200 11393
2026-10-07 03:34:14,705 [DEBUG   ] scrapers.quotes_scraper – [Quotes] 80 records so far.
2026-10-07 03:34:15,705 [INFO    ] scrapers.quotes_scraper – [Quotes] Page 9: https://quotes.toscrape.com/page/9/
2026-10-07 03:34:16,051 [DEBUG   ] urllib3.connectionpool – https://quotes.toscrape.com:443 "GET /page/9/ HTTP/1.1" 200 11022
2026-10-07 03:34:16,062 [DEBUG   ] scrapers.quotes_scraper – [Quotes] 90 records so far.
2026-10-07 03:34:17,062 [INFO    ] scrapers.quotes_scraper – [Quotes] Page 10: https://quotes.toscrape.com/page/10/
2026-10-07 03:34:17,386 [DEBUG   ] urllib3.connectionpool – https://quotes.toscrape.com:443 "GET /page/10/ HTTP/1.1" 200 9943
2026-10-07 03:34:17,404 [DEBUG   ] scrapers.quotes_scraper – [Quotes] 100 records so far.
2026-10-07 03:34:17,404 [INFO    ] scrapers.quotes_scraper – [Quotes] Finished. 100 raw records collected.
2026-10-07 03:34:17,406 [INFO    ] main – Quotes raw records: 100
2026-10-07 03:34:17,406 [INFO    ] main – Total raw records: 1100
2026-10-07 03:34:17,406 [INFO    ] main – STEP 2 – Cleaning …
2026-10-07 03:34:17,438 [INFO    ] main – Records after cleaning: 1100
2026-10-07 03:34:17,439 [INFO    ] main – STEP 3 – Validating …
2026-10-07 03:34:17,451 [INFO    ] processing.validation – Validation complete – valid: 1100  rejected: 0
2026-10-07 03:34:17,469 [INFO    ] main – Valid: 1100  Rejected: 0
2026-10-07 03:34:17,469 [INFO    ] main – STEP 4 – Deduplicating …
2026-10-07 03:34:17,472 [DEBUG   ] processing.deduplication – Duplicate detected (key=('books to scrape', 'the star-touched queen')) at record index 707 (first seen at index 700)
2026-10-07 03:34:17,476 [INFO    ] processing.deduplication – Deduplication complete – unique: 1099  duplicates removed: 1
2026-10-07 03:34:17,478 [INFO    ] main – Unique: 1099  Duplicates removed: 1
2026-10-07 03:34:17,478 [INFO    ] main – STEP 5 – Writing outputs …
2026-10-07 03:34:17,495 [INFO    ] main – CSV written to C:\Users\anamd\Desktop\Web_Scrapping\output\final_dataset.csv (1099 records).
2026-10-07 03:34:17,498 [INFO    ] main – Summary written to C:\Users\anamd\Desktop\Web_Scrapping\output\summary_report.json.
2026-10-07 03:34:17,499 [INFO    ] main – ============================================================
2026-10-07 03:34:17,499 [INFO    ] main – Pipeline complete in 155.79 s.
2026-10-07 03:34:17,499 [INFO    ] main – Final records:        1099
2026-10-07 03:34:17,500 [INFO    ] main – Duplicates removed:   1
2026-10-07 03:34:17,500 [INFO    ] main – Rejected (invalid):   0
2026-10-07 03:34:17,500 [INFO    ] main – Output CSV:           C:\Users\anamd\Desktop\Web_Scrapping\output\final_dataset.csv
2026-10-07 03:34:17,500 [INFO    ] main – Summary report:       C:\Users\anamd\Desktop\Web_Scrapping\output\summary_report.json
2026-10-07 03:34:17,500 [INFO    ] main – Log file:             C:\Users\anamd\Desktop\Web_Scrapping\logs\scrape_20261006_220141.log
2026-10-07 03:34:17,500 [INFO    ] main – ============================================================
